Archive member included to satisfy reference by file (symbol)

c:/program files (x86)/atmel/studio/7.0/toolchain/arm/arm-gnu-toolchain/bin/../lib/gcc/arm-none-eabi/6.3.1/../../../../arm-none-eabi/lib/thumb/v7e-m\libc.a(lib_a-exit.o)
                              c:/program files (x86)/atmel/studio/7.0/toolchain/arm/arm-gnu-toolchain/bin/../lib/gcc/arm-none-eabi/6.3.1/../../../../arm-none-eabi/lib/thumb/v7e-m/crt0.o (exit)
c:/program files (x86)/atmel/studio/7.0/toolchain/arm/arm-gnu-toolchain/bin/../lib/gcc/arm-none-eabi/6.3.1/../../../../arm-none-eabi/lib/thumb/v7e-m\libc.a(lib_a-impure.o)
                              c:/program files (x86)/atmel/studio/7.0/toolchain/arm/arm-gnu-toolchain/bin/../lib/gcc/arm-none-eabi/6.3.1/../../../../arm-none-eabi/lib/thumb/v7e-m\libc.a(lib_a-exit.o) (_global_impure_ptr)
c:/program files (x86)/atmel/studio/7.0/toolchain/arm/arm-gnu-toolchain/bin/../lib/gcc/arm-none-eabi/6.3.1/../../../../arm-none-eabi/lib/thumb/v7e-m\libc.a(lib_a-init.o)
                              c:/program files (x86)/atmel/studio/7.0/toolchain/arm/arm-gnu-toolchain/bin/../lib/gcc/arm-none-eabi/6.3.1/../../../../arm-none-eabi/lib/thumb/v7e-m/crt0.o (__libc_init_array)
c:/program files (x86)/atmel/studio/7.0/toolchain/arm/arm-gnu-toolchain/bin/../lib/gcc/arm-none-eabi/6.3.1/../../../../arm-none-eabi/lib/thumb/v7e-m\libc.a(lib_a-iprintf.o)
                              src/inv/protocol_functions.o (iprintf)
c:/program files (x86)/atmel/studio/7.0/toolchain/arm/arm-gnu-toolchain/bin/../lib/gcc/arm-none-eabi/6.3.1/../../../../arm-none-eabi/lib/thumb/v7e-m\libc.a(lib_a-memcpy.o)
                              src/ASF/thirdparty/freertos/freertos-8.0.1/Source/queue.o (memcpy)
c:/program files (x86)/atmel/studio/7.0/toolchain/arm/arm-gnu-toolchain/bin/../lib/gcc/arm-none-eabi/6.3.1/../../../../arm-none-eabi/lib/thumb/v7e-m\libc.a(lib_a-memset.o)
                              c:/program files (x86)/atmel/studio/7.0/toolchain/arm/arm-gnu-toolchain/bin/../lib/gcc/arm-none-eabi/6.3.1/../../../../arm-none-eabi/lib/thumb/v7e-m/crt0.o (memset)
c:/program files (x86)/atmel/studio/7.0/toolchain/arm/arm-gnu-toolchain/bin/../lib/gcc/arm-none-eabi/6.3.1/../../../../arm-none-eabi/lib/thumb/v7e-m\libc.a(lib_a-setbuf.o)
                              src/inv/inv_uart.o (setbuf)
c:/program files (x86)/atmel/studio/7.0/toolchain/arm/arm-gnu-toolchain/bin/../lib/gcc/arm-none-eabi/6.3.1/../../../../arm-none-eabi/lib/thumb/v7e-m\libc.a(lib_a-setvbuf.o)
                              c:/program files (x86)/atmel/studio/7.0/toolchain/arm/arm-gnu-toolchain/bin/../lib/gcc/arm-none-eabi/6.3.1/../../../../arm-none-eabi/lib/thumb/v7e-m\libc.a(lib_a-setbuf.o) (setvbuf)
c:/program files (x86)/atmel/studio/7.0/toolchain/arm/arm-gnu-toolchain/bin/../lib/gcc/arm-none-eabi/6.3.1/../../../../arm-none-eabi/lib/thumb/v7e-m\libc.a(lib_a-vfiprintf.o)
                              c:/program files (x86)/atmel/studio/7.0/toolchain/arm/arm-gnu-toolchain/bin/../lib/gcc/arm-none-eabi/6.3.1/../../../../arm-none-eabi/lib/thumb/v7e-m\libc.a(lib_a-iprintf.o) (_vfiprintf_r)
c:/program files (x86)/atmel/studio/7.0/toolchain/arm/arm-gnu-toolchain/bin/../lib/gcc/arm-none-eabi/6.3.1/../../../../arm-none-eabi/lib/thumb/v7e-m\libc.a(lib_a-wsetup.o)
                              c:/program files (x86)/atmel/studio/7.0/toolchain/arm/arm-gnu-toolchain/bin/../lib/gcc/arm-none-eabi/6.3.1/../../../../arm-none-eabi/lib/thumb/v7e-m\libc.a(lib_a-vfiprintf.o) (__swsetup_r)
c:/program files (x86)/atmel/studio/7.0/toolchain/arm/arm-gnu-toolchain/bin/../lib/gcc/arm-none-eabi/6.3.1/../../../../arm-none-eabi/lib/thumb/v7e-m\libc.a(lib_a-__call_atexit.o)
                              c:/program files (x86)/atmel/studio/7.0/toolchain/arm/arm-gnu-toolchain/bin/../lib/gcc/arm-none-eabi/6.3.1/../../../../arm-none-eabi/lib/thumb/v7e-m\libc.a(lib_a-exit.o) (__call_exitprocs)
c:/program files (x86)/atmel/studio/7.0/toolchain/arm/arm-gnu-toolchain/bin/../lib/gcc/arm-none-eabi/6.3.1/../../../../arm-none-eabi/lib/thumb/v7e-m\libc.a(lib_a-atexit.o)
                              c:/program files (x86)/atmel/studio/7.0/toolchain/arm/arm-gnu-toolchain/bin/../lib/gcc/arm-none-eabi/6.3.1/../../../../arm-none-eabi/lib/thumb/v7e-m\libc.a(lib_a-__call_atexit.o) (atexit)
c:/program files (x86)/atmel/studio/7.0/toolchain/arm/arm-gnu-toolchain/bin/../lib/gcc/arm-none-eabi/6.3.1/../../../../arm-none-eabi/lib/thumb/v7e-m\libc.a(lib_a-fflush.o)
                              c:/program files (x86)/atmel/studio/7.0/toolchain/arm/arm-gnu-toolchain/bin/../lib/gcc/arm-none-eabi/6.3.1/../../../../arm-none-eabi/lib/thumb/v7e-m\libc.a(lib_a-setvbuf.o) (_fflush_r)
c:/program files (x86)/atmel/studio/7.0/toolchain/arm/arm-gnu-toolchain/bin/../lib/gcc/arm-none-eabi/6.3.1/../../../../arm-none-eabi/lib/thumb/v7e-m\libc.a(lib_a-findfp.o)
[...]
Memory Configuration

Name             Origin             Length             Attributes
rom              0x00400000         0x00080000         xr
ram              0x20000000         0x00028000         xrw
*default*        0x00000000         0xffffffff

Linker script and memory map

LOAD c:/program files (x86)/atmel/studio/7.0/toolchain/arm/arm-gnu-toolchain/bin/../lib/gcc/arm-none-eabi/6.3.1/thumb/v7e-m/crti.o
LOAD c:/program files (x86)/atmel/studio/7.0/toolchain/arm/arm-gnu-toolchain/bin/../lib/gcc/arm-none-eabi/6.3.1/thumb/v7e-m/crtbegin.o
LOAD c:/program files (x86)/atmel/studio/7.0/toolchain/arm/arm-gnu-toolchain/bin/../lib/gcc/arm-none-eabi/6.3.1/../../../../arm-none-eabi/lib/thumb/v7e-m/crt0.o
LOAD src/ASF/common/services/sleepmgr/sam/sleepmgr.o
LOAD src/ASF/common/utils/stdio/read.o
LOAD src/ASF/sam/drivers/pio/pio.o
LOAD src/ASF/sam/drivers/pio/pio_handler.o
LOAD src/ASF/sam/drivers/spi/spi.o
LOAD src/ASF/sam/drivers/twi/twi.o
LOAD src/ASF/sam/drivers/usart/usart.o
LOAD src/ASF/thirdparty/freertos/freertos-8.0.1/Source/croutine.o
LOAD src/ASF/thirdparty/freertos/freertos-8.0.1/Source/event_groups.o
LOAD src/ASF/thirdparty/freertos/freertos-8.0.1/Source/list.o
LOAD src/ASF/thirdparty/freertos/freertos-8.0.1/Source/portable/GCC/ARM_CM4F/port.o
LOAD src/ASF/thirdparty/freertos/freertos-8.0.1/Source/portable/MemMang/heap_2.o
LOAD src/ASF/thirdparty/freertos/freertos-8.0.1/Source/queue.o
LOAD src/ASF/thirdparty/freertos/freertos-8.0.1/Source/tasks.o
LOAD src/ASF/thirdparty/freertos/freertos-8.0.1/Source/timers.o
LOAD src/inv/inv_i2c.o
LOAD src/inv/inv_spi.o
LOAD src/inv/inv_uart.o
LOAD src/ASF/common/utils/stdio/write.o
LOAD src/ASF/common/services/serial/usart_serial.o
LOAD src/ASF/common/services/delay/sam/cycle_counter.o
LOAD src/ASF/sam/drivers/flexcom/flexcom.o
LOAD src/ASF/sam/drivers/pdc/pdc.o
LOAD src/ASF/sam/drivers/rtc/rtc.o
LOAD src/ASF/common/services/clock/samg/sysclk.o
LOAD src/ASF/common/utils/interrupt/interrupt_sam_nvic.o
LOAD src/ASF/sam/boards/samg55_xplained_pro/board_init.o
LOAD src/ASF/sam/drivers/efc/efc.o
LOAD src/ASF/sam/drivers/pmc/pmc.o
LOAD src/ASF/sam/drivers/pmc/sleep.o
LOAD src/ASF/sam/drivers/supc/supc.o
LOAD src/ASF/sam/utils/cmsis/samg/samg55/source/templates/gcc/startup_samg55.o
LOAD src/ASF/sam/utils/cmsis/samg/samg55/source/templates/system_samg55.o
LOAD src/ASF/sam/utils/syscalls/gcc/syscalls.o
LOAD src/inv/protocol_functions.o
LOAD src/main.o
START GROUP
LOAD ../src/ASF/thirdparty/CMSIS/Lib/GCC\libarm_cortexM4lf_math_softfp.a
LOAD c:/program files (x86)/atmel/studio/7.0/toolchain/arm/arm-gnu-toolchain/bin/../lib/gcc/arm-none-eabi/6.3.1/../../../../arm-none-eabi/lib/thumb/v7e-m\libm.a
END GROUP
START GROUP
LOAD c:/program files (x86)/atmel/studio/7.0/toolchain/arm/arm-gnu-toolchain/bin/../lib/gcc/arm-none-eabi/6.3.1/thumb/v7e-m\libgcc.a
LOAD c:/program files (x86)/atmel/studio/7.0/toolchain/arm/arm-gnu-toolchain/bin/../lib/gcc/arm-none-eabi/6.3.1/../../../../arm-none-eabi/lib/thumb/v7e-m\libc.a
END GROUP
LOAD c:/program files (x86)/atmel/studio/7.0/toolchain/arm/arm-gnu-toolchain/bin/../lib/gcc/arm-none-eabi/6.3.1/thumb/v7e-m/crtend.o
LOAD c:/program files (x86)/atmel/studio/7.0/toolchain/arm/arm-gnu-toolchain/bin/../lib/gcc/arm-none-eabi/6.3.1/thumb/v7e-m/crtn.o
                0x00003000                __stack_size__ = DEFINED (__stack_size__)?__stack_size__:0x3000
                0x20027ffc                __ram_end__ = ((ORIGIN (ram) + LENGTH (ram)) - 0x4)

.text           0x00400000     0x6cc8
                0x00400000                . = ALIGN (0x4)
                0x00400000                _sfixed = .
 *(.vectors .vectors.*)
 .vectors       0x00400000      0x148 src/ASF/sam/utils/cmsis/samg/samg55/source/templates/gcc/startup_samg55.o
                0x00400000                exception_table
 *(.text .text.* .gnu.linkonce.t.*)
 .text          0x00400148       0x6c c:/program files (x86)/atmel/studio/7.0/toolchain/arm/arm-gnu-toolchain/bin/../lib/gcc/arm-none-eabi/6.3.1/thumb/v7e-m/crtbegin.o
 .text._read    0x004001b4       0x40 src/ASF/common/utils/stdio/read.o
                0x004001b4                _read
 .text.pio_set_peripheral
                0x004001f4       0x58 src/ASF/sam/drivers/pio/pio.o
                0x004001f4                pio_set_peripheral
 .text.pio_set_input
                0x0040024c       0x2c src/ASF/sam/drivers/pio/pio.o
                0x0040024c                pio_set_input
 .text.pio_set_output
                0x00400278       0x24 src/ASF/sam/drivers/pio/pio.o
                0x00400278                pio_set_output
 .text.pio_configure
                0x0040029c       0x74 src/ASF/sam/drivers/pio/pio.o
                0x0040029c                pio_configure
 .text.pio_enable_interrupt
                0x00400310        0x4 src/ASF/sam/drivers/pio/pio.o
                0x00400310                pio_enable_interrupt
 .text.pio_disable_interrupt
                0x00400314        0x4 src/ASF/sam/drivers/pio/pio.o
                0x00400314                pio_disable_interrupt
 .text.pio_get_interrupt_status
                0x00400318        0x4 src/ASF/sam/drivers/pio/pio.o
                0x00400318                pio_get_interrupt_status
 .text.pio_get_interrupt_mask
                0x0040031c        0x4 src/ASF/sam/drivers/pio/pio.o
                0x0040031c                pio_get_interrupt_mask
 .text.pio_set_additional_interrupt_mode
                0x00400320       0x28 src/ASF/sam/drivers/pio/pio.o
                0x00400320                pio_set_additional_interrupt_mode
 .text.pio_configure_interrupt
                0x00400348        0x8 src/ASF/sam/drivers/pio/pio.o
                0x00400348                pio_configure_interrupt
 .text.pio_handler_process
                0x00400350       0x4c src/ASF/sam/drivers/pio/pio_handler.o
                0x00400350                pio_handler_process
 .text.pio_handler_set
                0x0040039c       0x6c src/ASF/sam/drivers/pio/pio_handler.o
                0x0040039c                pio_handler_set
 .text.PIOA_Handler
                0x00400408       0x10 src/ASF/sam/drivers/pio/pio_handler.o
                0x00400408                PIOA_Handler
 .text.PIOB_Handler
                0x00400418       0x10 src/ASF/sam/drivers/pio/pio_handler.o
                0x00400418                PIOB_Handler
 .text.pio_handler_set_priority
                0x00400428       0x84 src/ASF/sam/drivers/pio/pio_handler.o
                0x00400428                pio_handler_set_priority
 .text.spi_set_peripheral_chip_select_value
                0x004004ac       0x16 src/ASF/sam/drivers/spi/spi.o
                0x004004ac                spi_set_peripheral_chip_select_value
 *fill*         0x004004c2        0x2 
 .text.spi_read
                0x004004c4       0x34 src/ASF/sam/drivers/spi/spi.o
                0x004004c4                spi_read
 .text.spi_write
                0x004004f8       0x2e src/ASF/sam/drivers/spi/spi.o
                0x004004f8                spi_write
 .text.spi_set_clock_polarity
                0x00400526       0x16 src/ASF/sam/drivers/spi/spi.o
                0x00400526                spi_set_clock_polarity
 .text.spi_set_clock_phase
                0x0040053c       0x16 src/ASF/sam/drivers/spi/spi.o
                0x0040053c                spi_set_clock_phase
 .text.spi_set_bits_per_transfer
                0x00400552       0x14 src/ASF/sam/drivers/spi/spi.o
                0x00400552                spi_set_bits_per_transfer
 .text.spi_set_baudrate_div
                0x00400566       0x20 src/ASF/sam/drivers/spi/spi.o
                0x00400566                spi_set_baudrate_div
 .text.spi_set_transfer_delay
                0x00400586       0x1a src/ASF/sam/drivers/spi/spi.o
                0x00400586                spi_set_transfer_delay
 .text.usart_set_async_baudrate
                0x004005a0       0x4a src/ASF/sam/drivers/usart/usart.o
                0x004005a0                usart_set_async_baudrate
 *fill*         0x004005ea        0x2 
 .text.usart_reset
                0x004005ec       0x28 src/ASF/sam/drivers/usart/usart.o
                0x004005ec                usart_reset
 .text.usart_init_rs232
                0x00400614       0x44 src/ASF/sam/drivers/usart/usart.o
                0x00400614                usart_init_rs232
 .text.usart_enable_tx
                0x00400658        0x6 src/ASF/sam/drivers/usart/usart.o
                0x00400658                usart_enable_tx
 .text.usart_enable_rx
                0x0040065e        0x6 src/ASF/sam/drivers/usart/usart.o
                0x0040065e                usart_enable_rx
 .text.usart_enable_interrupt
                0x00400664        0x4 src/ASF/sam/drivers/usart/usart.o
                0x00400664                usart_enable_interrupt
 .text.usart_get_status
                0x00400668        0x4 src/ASF/sam/drivers/usart/usart.o
                0x00400668                usart_get_status
 .text.usart_write
                0x0040066c       0x12 src/ASF/sam/drivers/usart/usart.o
                0x0040066c                usart_write
 .text.usart_read
                0x0040067e       0x16 src/ASF/sam/drivers/usart/usart.o
                0x0040067e                usart_read
 .text.usart_get_pdc_base
                0x00400694       0x88 src/ASF/sam/drivers/usart/usart.o
                0x00400694                usart_get_pdc_base
 .text.vListInitialise
                0x0040071c       0x16 src/ASF/thirdparty/freertos/freertos-8.0.1/Source/list.o
                0x0040071c                vListInitialise
 .text.vListInitialiseItem
                0x00400732        0x6 src/ASF/thirdparty/freertos/freertos-8.0.1/Source/list.o
                0x00400732                vListInitialiseItem
 .text.vListInsertEnd
                0x00400738       0x18 src/ASF/thirdparty/freertos/freertos-8.0.1/Source/list.o
                0x00400738                vListInsertEnd
 .text.vListInsert
                0x00400750       0x2e src/ASF/thirdparty/freertos/freertos-8.0.1/Source/list.o
                0x00400750                vListInsert
 .text.uxListRemove
                0x0040077e       0x24 src/ASF/thirdparty/freertos/freertos-8.0.1/Source/list.o
                0x0040077e                uxListRemove
 *fill*         0x004007a2        0x2 
 .text.prvPortStartFirstTask
                0x004007a4       0x1c src/ASF/thirdparty/freertos/freertos-8.0.1/Source/portable/GCC/ARM_CM4F/port.o
 .text.vPortEnableVFP
                0x004007c0       0x14 src/ASF/thirdparty/freertos/freertos-8.0.1/Source/portable/GCC/ARM_CM4F/port.o
 .text.pxPortInitialiseStack
                0x004007d4       0x24 src/ASF/thirdparty/freertos/freertos-8.0.1/Source/portable/GCC/ARM_CM4F/port.o
                0x004007d4                pxPortInitialiseStack
 .text.SVC_Handler
                0x004007f8       0x20 src/ASF/thirdparty/freertos/freertos-8.0.1/Source/portable/GCC/ARM_CM4F/port.o
                0x004007f8                SVC_Handler
 .text.vPortYield
                0x00400818       0x18 src/ASF/thirdparty/freertos/freertos-8.0.1/Source/portable/GCC/ARM_CM4F/port.o
                0x00400818                vPortYield
 .text.ulPortSetInterruptMask
                0x00400830       0x10 src/ASF/thirdparty/freertos/freertos-8.0.1/Source/portable/GCC/ARM_CM4F/port.o
                0x00400830                ulPortSetInterruptMask
 .text.prvTaskExitError
                0x00400840       0x1c src/ASF/thirdparty/freertos/freertos-8.0.1/Source/portable/GCC/ARM_CM4F/port.o
 .text.vPortEnterCritical
                0x0040085c       0x20 src/ASF/thirdparty/freertos/freertos-8.0.1/Source/portable/GCC/ARM_CM4F/port.o
                0x0040085c                vPortEnterCritical
 .text.vPortClearInterruptMask
                0x0040087c        0x6 src/ASF/thirdparty/freertos/freertos-8.0.1/Source/portable/GCC/ARM_CM4F/port.o
                0x0040087c                vPortClearInterruptMask
 *fill*         0x00400882        0x2 
 .text.vPortExitCritical
                0x00400884       0x2c src/ASF/thirdparty/freertos/freertos-8.0.1/Source/portable/GCC/ARM_CM4F/port.o
                0x00400884                vPortExitCritical
 .text.PendSV_Handler
                0x004008b0       0x58 src/ASF/thirdparty/freertos/freertos-8.0.1/Source/portable/GCC/ARM_CM4F/port.o
                0x004008b0                PendSV_Handler
 .text.SysTick_Handler
                0x00400908       0x30 src/ASF/thirdparty/freertos/freertos-8.0.1/Source/portable/GCC/ARM_CM4F/port.o
                0x00400908                SysTick_Handler
 .text.vPortSetupTimerInterrupt
                0x00400938       0x14 src/ASF/thirdparty/freertos/freertos-8.0.1/Source/portable/GCC/ARM_CM4F/port.o
                0x00400938                vPortSetupTimerInterrupt
 .text.xPortStartScheduler
                0x0040094c       0xb8 src/ASF/thirdparty/freertos/freertos-8.0.1/Source/portable/GCC/ARM_CM4F/port.o
                0x0040094c                xPortStartScheduler
 .text.vPortValidateInterruptPriority
                0x00400a04       0x48 src/ASF/thirdparty/freertos/freertos-8.0.1/Source/portable/GCC/ARM_CM4F/port.o
                0x00400a04                vPortValidateInterruptPriority
 .text.pvPortMalloc
                0x00400a4c       0xc4 src/ASF/thirdparty/freertos/freertos-8.0.1/Source/portable/MemMang/heap_2.o
                0x00400a4c                pvPortMalloc
 .text.vPortFree
                0x00400b10       0x4c src/ASF/thirdparty/freertos/freertos-8.0.1/Source/portable/MemMang/heap_2.o
                0x00400b10                vPortFree
 .text.prvCopyDataToQueue
                0x00400b5c       0x70 src/ASF/thirdparty/freertos/freertos-8.0.1/Source/queue.o
 .text.prvNotifyQueueSetContainer
                0x00400bcc       0x54 src/ASF/thirdparty/freertos/freertos-8.0.1/Source/queue.o
 .text.unlikely.prvCopyDataFromQueue
                0x00400c20       0x2c src/ASF/thirdparty/freertos/freertos-8.0.1/Source/queue.o
 .text.prvUnlockQueue
                0x00400c4c       0x98 src/ASF/thirdparty/freertos/freertos-8.0.1/Source/queue.o
 .text.xQueueGenericReset
                0x00400ce4       0x78 src/ASF/thirdparty/freertos/freertos-8.0.1/Source/queue.o
                0x00400ce4                xQueueGenericReset
 .text.xQueueGenericCreate
                0x00400d5c       0x50 src/ASF/thirdparty/freertos/freertos-8.0.1/Source/queue.o
                0x00400d5c                xQueueGenericCreate
 .text.xQueueGenericSend
                0x00400dac      0x158 src/ASF/thirdparty/freertos/freertos-8.0.1/Source/queue.o
                0x00400dac                xQueueGenericSend
 .text.xQueueGenericSendFromISR
                0x00400f04       0xb4 src/ASF/thirdparty/freertos/freertos-8.0.1/Source/queue.o
                0x00400f04                xQueueGenericSendFromISR
 .text.xQueueGenericReceive
                0x00400fb8      0x164 src/ASF/thirdparty/freertos/freertos-8.0.1/Source/queue.o
                0x00400fb8                xQueueGenericReceive
 .text.vQueueWaitForMessageRestricted
                0x0040111c       0x4c src/ASF/thirdparty/freertos/freertos-8.0.1/Source/queue.o
                0x0040111c                vQueueWaitForMessageRestricted
 .text.prvResetNextTaskUnblockTime
                0x00401168       0x24 src/ASF/thirdparty/freertos/freertos-8.0.1/Source/tasks.o
 .text.prvAddCurrentTaskToDelayedList
                0x0040118c       0x50 src/ASF/thirdparty/freertos/freertos-8.0.1/Source/tasks.o
 .text.xTaskGenericCreate
                0x004011dc      0x1cc src/ASF/thirdparty/freertos/freertos-8.0.1/Source/tasks.o
                0x004011dc                xTaskGenericCreate
 .text.vTaskStartScheduler
                0x004013a8       0x6c src/ASF/thirdparty/freertos/freertos-8.0.1/Source/tasks.o
                0x004013a8                vTaskStartScheduler
 .text.vTaskSuspendAll
                0x00401414       0x10 src/ASF/thirdparty/freertos/freertos-8.0.1/Source/tasks.o
                0x00401414                vTaskSuspendAll
 .text.xTaskGetTickCount
                0x00401424       0x20 src/ASF/thirdparty/freertos/freertos-8.0.1/Source/tasks.o
                0x00401424                xTaskGetTickCount
 .text.xTaskIncrementTick
                0x00401444      0x128 src/ASF/thirdparty/freertos/freertos-8.0.1/Source/tasks.o
                0x00401444                xTaskIncrementTick
 .text.xTaskResumeAll
                0x0040156c       0xe8 src/ASF/thirdparty/freertos/freertos-8.0.1/Source/tasks.o
                0x0040156c                xTaskResumeAll
 .text.prvIdleTask
                0x00401654       0x80 src/ASF/thirdparty/freertos/freertos-8.0.1/Source/tasks.o
 .text.vTaskSwitchContext
                0x004016d4       0x74 src/ASF/thirdparty/freertos/freertos-8.0.1/Source/tasks.o
                0x004016d4                vTaskSwitchContext
 .text.vTaskPlaceOnEventList
                0x00401748       0x60 src/ASF/thirdparty/freertos/freertos-8.0.1/Source/tasks.o
                0x00401748                vTaskPlaceOnEventList
 .text.vTaskPlaceOnEventListRestricted
                0x004017a8       0x44 src/ASF/thirdparty/freertos/freertos-8.0.1/Source/tasks.o
                0x004017a8                vTaskPlaceOnEventListRestricted
 .text.xTaskRemoveFromEventList
                0x004017ec       0x80 src/ASF/thirdparty/freertos/freertos-8.0.1/Source/tasks.o
                0x004017ec                xTaskRemoveFromEventList
 .text.vTaskSetTimeOutState
                0x0040186c       0x24 src/ASF/thirdparty/freertos/freertos-8.0.1/Source/tasks.o
                0x0040186c                vTaskSetTimeOutState
 .text.xTaskCheckForTimeOut
                0x00401890       0x6c src/ASF/thirdparty/freertos/freertos-8.0.1/Source/tasks.o
                0x00401890                xTaskCheckForTimeOut
 .text.vTaskMissedYield
                0x004018fc        0xc src/ASF/thirdparty/freertos/freertos-8.0.1/Source/tasks.o
                0x004018fc                vTaskMissedYield
 .text.xTaskGetCurrentTaskHandle
                0x00401908        0xc src/ASF/thirdparty/freertos/freertos-8.0.1/Source/tasks.o
                0x00401908                xTaskGetCurrentTaskHandle
 .text.xTaskGetSchedulerState
                0x00401914       0x20 src/ASF/thirdparty/freertos/freertos-8.0.1/Source/tasks.o
                0x00401914                xTaskGetSchedulerState
 .text.vTaskPriorityInherit
                0x00401934       0x7c src/ASF/thirdparty/freertos/freertos-8.0.1/Source/tasks.o
                0x00401934                vTaskPriorityInherit
 .text.vTaskPriorityDisinherit
                0x004019b0       0x54 src/ASF/thirdparty/freertos/freertos-8.0.1/Source/tasks.o
                0x004019b0                vTaskPriorityDisinherit
 .text.prvCheckForValidListAndQueue
                0x00401a04       0x6c src/ASF/thirdparty/freertos/freertos-8.0.1/Source/timers.o
 .text.prvInsertTimerInActiveList
                0x00401a70       0x40 src/ASF/thirdparty/freertos/freertos-8.0.1/Source/timers.o
 .text.xTimerCreateTimerTask
                0x00401ab0       0x4c src/ASF/thirdparty/freertos/freertos-8.0.1/Source/timers.o
                0x00401ab0                xTimerCreateTimerTask
 .text.xTimerGenericCommand
                0x00401afc       0x50 src/ASF/thirdparty/freertos/freertos-8.0.1/Source/timers.o
                0x00401afc                xTimerGenericCommand
 .text.prvSwitchTimerLists
                0x00401b4c       0x7c src/ASF/thirdparty/freertos/freertos-8.0.1/Source/timers.o
 .text.prvTimerTask
                0x00401bc8      0x1a8 src/ASF/thirdparty/freertos/freertos-8.0.1/Source/timers.o
 .text.spi_master_init1
                0x00401d70       0xa8 src/inv/inv_spi.o
                0x00401d70                spi_master_init1
 .text.spi_master_init
                0x00401e18       0xa8 src/inv/inv_spi.o
                0x00401e18                spi_master_init
 .text.spi_master_write_register
                0x00401ec0       0x70 src/inv/inv_spi.o
                0x00401ec0                spi_master_write_register
 .text.spi_master_read_register
                0x00401f30       0x78 src/inv/inv_spi.o
                0x00401f30                spi_master_read_register
 .text.usart_serial_getchar
                0x00401fa8       0xe4 src/inv/inv_uart.o
 .text.usart_serial_putchar
                0x0040208c       0xd0 src/inv/inv_uart.o
 .text.usart_serial_init.constprop.2
                0x0040215c       0x64 src/inv/inv_uart.o
 .text.configure_console
                0x004021c0       0xa4 src/inv/inv_uart.o
                0x004021c0                configure_console
 .text.FLEXCOM0_Handler
                0x00402264       0x60 src/inv/inv_uart.o
                0x00402264                FLEXCOM0_Handler
 .text._write   0x004022c4       0x44 src/ASF/common/utils/stdio/write.o
                0x004022c4                _write
 .text.flexcom_enable
                0x00402308       0xf0 src/ASF/sam/drivers/flexcom/flexcom.o
                0x00402308                flexcom_enable
 .text.flexcom_set_opmode
                0x004023f8        0x4 src/ASF/sam/drivers/flexcom/flexcom.o
                0x004023f8                flexcom_set_opmode
 .text.sysclk_init
                0x004023fc       0xac src/ASF/common/services/clock/samg/sysclk.o
                0x004023fc                sysclk_init
 .text.ioport_set_pin_mode
                0x004024a8       0x64 src/ASF/sam/boards/samg55_xplained_pro/board_init.o
 .text.system_board_init
                0x0040250c      0x100 src/ASF/sam/boards/samg55_xplained_pro/board_init.o
                0x0040250c                board_init
                0x0040250c                system_board_init
 .text.pmc_switch_mck_to_pllack
                0x0040260c       0x44 src/ASF/sam/drivers/pmc/pmc.o
                0x0040260c                pmc_switch_mck_to_pllack
 .text.pmc_switch_sclk_to_32kxtal
                0x00402650       0x20 src/ASF/sam/drivers/pmc/pmc.o
                0x00402650                pmc_switch_sclk_to_32kxtal
 .text.pmc_osc_is_ready_32kxtal
                0x00402670       0x1c src/ASF/sam/drivers/pmc/pmc.o
                0x00402670                pmc_osc_is_ready_32kxtal
 .text.pmc_disable_pllack
                0x0040268c        0xc src/ASF/sam/drivers/pmc/pmc.o
                0x0040268c                pmc_disable_pllack
 .text.pmc_is_locked_pllack
                0x00402698       0x10 src/ASF/sam/drivers/pmc/pmc.o
                0x00402698                pmc_is_locked_pllack
 .text.pmc_enable_periph_clk
                0x004026a8       0x40 src/ASF/sam/drivers/pmc/pmc.o
                0x004026a8                pmc_enable_periph_clk
 .text.pmc_switch_pck_to_mck
                0x004026e8       0x30 src/ASF/sam/drivers/pmc/pmc.o
                0x004026e8                pmc_switch_pck_to_mck
 .text.pmc_enable_pck
                0x00402718       0x14 src/ASF/sam/drivers/pmc/pmc.o
                0x00402718                pmc_enable_pck
 .text.pmc_disable_pck
                0x0040272c       0x14 src/ASF/sam/drivers/pmc/pmc.o
                0x0040272c                pmc_disable_pck
 .text.supc_set_regulator_trim_user
                0x00402740       0x1a src/ASF/sam/drivers/supc/supc.o
                0x00402740                supc_set_regulator_trim_user
 .text.Dummy_Handler
                0x0040275a        0x2 src/ASF/sam/utils/cmsis/samg/samg55/source/templates/gcc/startup_samg55.o
                0x0040275a                FLEXCOM1_Handler
                0x0040275a                DebugMon_Handler
                0x0040275a                HardFault_Handler
                0x0040275a                TC2_Handler
                0x0040275a                FLEXCOM4_Handler
                0x0040275a                NMI_Handler
                0x0040275a                ADC_Handler
                0x0040275a                CRCCU_Handler
                0x0040275a                RTT_Handler
                0x0040275a                FLEXCOM6_Handler
                0x0040275a                RTC_Handler
                0x0040275a                UsageFault_Handler
                0x0040275a                PDMIC1_Handler
                0x0040275a                WDT_Handler
                0x0040275a                TC4_Handler
                0x0040275a                TC1_Handler
                0x0040275a                TC3_Handler
                0x0040275a                ARM_Handler
                0x0040275a                Dummy_Handler
                0x0040275a                MEM2MEM_Handler
                0x0040275a                PMC_Handler
                0x0040275a                PDMIC0_Handler
                0x0040275a                MemManage_Handler
                0x0040275a                SUPC_Handler
                0x0040275a                UHP_Handler
                0x0040275a                EFC_Handler
                0x0040275a                FLEXCOM7_Handler
                0x0040275a                I2SC0_Handler
                0x0040275a                I2SC1_Handler
                0x0040275a                FLEXCOM2_Handler
                0x0040275a                UDP_Handler
                0x0040275a                FLEXCOM3_Handler
                0x0040275a                BusFault_Handler
                0x0040275a                RSTC_Handler
                0x0040275a                TC0_Handler
                0x0040275a                FLEXCOM5_Handler
                0x0040275a                TC5_Handler
 .text.Reset_Handler
                0x0040275c       0xbc src/ASF/sam/utils/cmsis/samg/samg55/source/templates/gcc/startup_samg55.o
                0x0040275c                Reset_Handler
 .text.SystemCoreClockUpdate
                0x00402818       0xb4 src/ASF/sam/utils/cmsis/samg/samg55/source/templates/system_samg55.o
                0x00402818                SystemCoreClockUpdate
 .text.system_init_flash
                0x004028cc       0x64 src/ASF/sam/utils/cmsis/samg/samg55/source/templates/system_samg55.o
                0x004028cc                system_init_flash
 .text._sbrk    0x00402930       0x2c src/ASF/sam/utils/syscalls/gcc/syscalls.o
                0x00402930                _sbrk
 .text._close   0x0040295c        0x6 src/ASF/sam/utils/syscalls/gcc/syscalls.o
                0x0040295c                _close
 .text._fstat   0x00402962        0xa src/ASF/sam/utils/syscalls/gcc/syscalls.o
                0x00402962                _fstat
 .text._isatty  0x0040296c        0x4 src/ASF/sam/utils/syscalls/gcc/syscalls.o
                0x0040296c                _isatty
 .text._lseek   0x00402970        0x4 src/ASF/sam/utils/syscalls/gcc/syscalls.o
                0x00402970                _lseek
 .text.ext_interrupt_handler
                0x00402974       0x20 src/inv/protocol_functions.o
                0x00402974                ext_interrupt_handler
 .text.ext_int_initialize
                0x00402994       0x60 src/inv/protocol_functions.o
                0x00402994                ext_int_initialize
 .text.IAM20685_chipunlock
                0x004029f4      0x124 src/inv/protocol_functions.o
                0x004029f4                IAM20685_chipunlock
 .text.IAM20685_writeunlock
                0x00402b18       0xe4 src/inv/protocol_functions.o
                0x00402b18                IAM20685_writeunlock
 .text.IAM20685
                0x00402bfc      0x354 src/inv/protocol_functions.o
                0x00402bfc                IAM20685
 .text.IAM20685_McLaren_seq1
                0x00402f50      0x550 src/inv/protocol_functions.o
                0x00402f50                IAM20685_McLaren_seq1
 .text.IAM20685_McLaren_seq2
                0x004034a0      0x53c src/inv/protocol_functions.o
                0x004034a0                IAM20685_McLaren_seq2
 .text.processUartData
                0x004039dc       0x48 src/inv/protocol_functions.o
                0x004039dc                processUartData
 .text.vMainTask
                0x00403a24        0xc src/main.o
                0x00403a24                vMainTask
 .text.vSensorIntPB03Task
                0x00403a30       0x2c src/main.o
                0x00403a30                vSensorIntPB03Task
 .text.startup.main
                0x00403a5c       0xb0 src/main.o
                0x00403a5c                main
 .text.__libc_init_array
                0x00403b0c       0x50 c:/program files (x86)/atmel/studio/7.0/toolchain/arm/arm-gnu-toolchain/bin/../lib/gcc/arm-none-eabi/6.3.1/../../../../arm-none-eabi/lib/thumb/v7e-m\libc.a(lib_a-init.o)
                0x00403b0c                __libc_init_array
 .text.iprintf  0x00403b5c       0x28 c:/program files (x86)/atmel/studio/7.0/toolchain/arm/arm-gnu-toolchain/bin/../lib/gcc/arm-none-eabi/6.3.1/../../../../arm-none-eabi/lib/thumb/v7e-m\libc.a(lib_a-iprintf.o)
                0x00403b5c                iprintf
 .text          0x00403b84      0x134 c:/program files (x86)/atmel/studio/7.0/toolchain/arm/arm-gnu-toolchain/bin/../lib/gcc/arm-none-eabi/6.3.1/../../../../arm-none-eabi/lib/thumb/v7e-m\libc.a(lib_a-memcpy.o)
                0x00403b84                memcpy
 .text.memset   0x00403cb8       0x9c c:/program files (x86)/atmel/studio/7.0/toolchain/arm/arm-gnu-toolchain/bin/../lib/gcc/arm-none-eabi/6.3.1/../../../../arm-none-eabi/lib/thumb/v7e-m\libc.a(lib_a-memset.o)
                0x00403cb8                memset
 .text.setbuf   0x00403d54       0x10 c:/program files (x86)/atmel/studio/7.0/toolchain/arm/arm-gnu-toolchain/bin/../lib/gcc/arm-none-eabi/6.3.1/../../../../arm-none-eabi/lib/thumb/v7e-m\libc.a(lib_a-setbuf.o)
                0x00403d54                setbuf
 .text.setvbuf  0x00403d64      0x190 c:/program files (x86)/atmel/studio/7.0/toolchain/arm/arm-gnu-toolchain/bin/../lib/gcc/arm-none-eabi/6.3.1/../../../../arm-none-eabi/lib/thumb/v7e-m\libc.a(lib_a-setvbuf.o)
                0x00403d64                setvbuf
 .text.__sprint_r.part.0
                0x00403ef4       0x80 c:/program files (x86)/atmel/studio/7.0/toolchain/arm/arm-gnu-toolchain/bin/../lib/gcc/arm-none-eabi/6.3.1/../../../../arm-none-eabi/lib/thumb/v7e-m\libc.a(lib_a-vfiprintf.o)
 .text._vfiprintf_r
                0x00403f74      0xc90 c:/program files (x86)/atmel/studio/7.0/toolchain/arm/arm-gnu-toolchain/bin/../lib/gcc/arm-none-eabi/6.3.1/../../../../arm-none-eabi/lib/thumb/v7e-m\libc.a(lib_a-vfiprintf.o)
                0x00403f74                _vfiprintf_r
 .text.__sbprintf
                0x00404c04       0x84 c:/program files (x86)/atmel/studio/7.0/toolchain/arm/arm-gnu-toolchain/bin/../lib/gcc/arm-none-eabi/6.3.1/../../../../arm-none-eabi/lib/thumb/v7e-m\libc.a(lib_a-vfiprintf.o)
 .text.__swsetup_r
                0x00404c88       0xc8 c:/program files (x86)/atmel/studio/7.0/toolchain/arm/arm-gnu-toolchain/bin/../lib/gcc/arm-none-eabi/6.3.1/../../../../arm-none-eabi/lib/thumb/v7e-m\libc.a(lib_a-wsetup.o)
                0x00404c88                __swsetup_r
 .text.startup.register_fini
                0x00404d50       0x14 c:/program files (x86)/atmel/studio/7.0/toolchain/arm/arm-gnu-toolchain/bin/../lib/gcc/arm-none-eabi/6.3.1/../../../../arm-none-eabi/lib/thumb/v7e-m\libc.a(lib_a-__call_atexit.o)
 .text.atexit   0x00404d64        0xc c:/program files (x86)/atmel/studio/7.0/toolchain/arm/arm-gnu-toolchain/bin/../lib/gcc/arm-none-eabi/6.3.1/../../../../arm-none-eabi/lib/thumb/v7e-m\libc.a(lib_a-atexit.o)
                0x00404d64                atexit
 .text.__sflush_r
                0x00404d70      0x140 c:/program files (x86)/atmel/studio/7.0/toolchain/arm/arm-gnu-toolchain/bin/../lib/gcc/arm-none-eabi/6.3.1/../../../../arm-none-eabi/lib/thumb/v7e-m\libc.a(lib_a-fflush.o)
                0x00404d70                __sflush_r
 .text._fflush_r
                0x00404eb0       0x54 c:/program files (x86)/atmel/studio/7.0/toolchain/arm/arm-gnu-toolchain/bin/../lib/gcc/arm-none-eabi/6.3.1/../../../../arm-none-eabi/lib/thumb/v7e-m\libc.a(lib_a-fflush.o)
                0x00404eb0                _fflush_r
 .text._cleanup_r
                0x00404f04        0xc c:/program files (x86)/atmel/studio/7.0/toolchain/arm/arm-gnu-toolchain/bin/../lib/gcc/arm-none-eabi/6.3.1/../../../../arm-none-eabi/lib/thumb/v7e-m\libc.a(lib_a-findfp.o)
                0x00404f04                _cleanup_r
 .text.std.isra.0
                0x00404f10       0x50 c:/program files (x86)/atmel/studio/7.0/toolchain/arm/arm-gnu-toolchain/bin/../lib/gcc/arm-none-eabi/6.3.1/../../../../arm-none-eabi/lib/thumb/v7e-m\libc.a(lib_a-findfp.o)
 .text.__sinit  0x00404f60       0x58 c:/program files (x86)/atmel/studio/7.0/toolchain/arm/arm-gnu-toolchain/bin/../lib/gcc/arm-none-eabi/6.3.1/../../../../arm-none-eabi/lib/thumb/v7e-m\libc.a(lib_a-findfp.o)
                0x00404f60                __sinit
 .text.__sfp_lock_acquire
                0x00404fb8        0xc c:/program files (x86)/atmel/studio/7.0/toolchain/arm/arm-gnu-toolchain/bin/../lib/gcc/arm-none-eabi/6.3.1/../../../../arm-none-eabi/lib/thumb/v7e-m\libc.a(lib_a-findfp.o)
                0x00404fb8                __sfp_lock_acquire
 .text.__sfp_lock_release
                0x00404fc4        0xc c:/program files (x86)/atmel/studio/7.0/toolchain/arm/arm-gnu-toolchain/bin/../lib/gcc/arm-none-eabi/6.3.1/../../../../arm-none-eabi/lib/thumb/v7e-m\libc.a(lib_a-findfp.o)
                0x00404fc4                __sfp_lock_release
 .text.__libc_fini_array
                0x00404fd0       0x34 c:/program files (x86)/atmel/studio/7.0/toolchain/arm/arm-gnu-toolchain/bin/../lib/gcc/arm-none-eabi/6.3.1/../../../../arm-none-eabi/lib/thumb/v7e-m\libc.a(lib_a-fini.o)
                0x00404fd0                __libc_fini_array
 .text.__fputwc
                0x00405004       0xa0 c:/program files (x86)/atmel/studio/7.0/toolchain/arm/arm-gnu-toolchain/bin/../lib/gcc/arm-none-eabi/6.3.1/../../../../arm-none-eabi/lib/thumb/v7e-m\libc.a(lib_a-fputwc.o)
                0x00405004                __fputwc
 .text._fputwc_r
                0x004050a4       0x68 c:/program files (x86)/atmel/studio/7.0/toolchain/arm/arm-gnu-toolchain/bin/../lib/gcc/arm-none-eabi/6.3.1/../../../../arm-none-eabi/lib/thumb/v7e-m\libc.a(lib_a-fputwc.o)
                0x004050a4                _fputwc_r
 .text._malloc_trim_r
                0x0040510c       0xa0 c:/program files (x86)/atmel/studio/7.0/toolchain/arm/arm-gnu-toolchain/bin/../lib/gcc/arm-none-eabi/6.3.1/../../../../arm-none-eabi/lib/thumb/v7e-m\libc.a(lib_a-freer.o)
                0x0040510c                _malloc_trim_r
 .text._free_r  0x004051ac      0x1cc c:/program files (x86)/atmel/studio/7.0/toolchain/arm/arm-gnu-toolchain/bin/../lib/gcc/arm-none-eabi/6.3.1/../../../../arm-none-eabi/lib/thumb/v7e-m\libc.a(lib_a-freer.o)
                0x004051ac                _free_r
 .text.__sfvwrite_r
                0x00405378      0x2f0 c:/program files (x86)/atmel/studio/7.0/toolchain/arm/arm-gnu-toolchain/bin/../lib/gcc/arm-none-eabi/6.3.1/../../../../arm-none-eabi/lib/thumb/v7e-m\libc.a(lib_a-fvwrite.o)
                0x00405378                __sfvwrite_r
 .text._fwalk_reent
                0x00405668       0x54 c:/program files (x86)/atmel/studio/7.0/toolchain/arm/arm-gnu-toolchain/bin/../lib/gcc/arm-none-eabi/6.3.1/../../../../arm-none-eabi/lib/thumb/v7e-m\libc.a(lib_a-fwalk.o)
                0x00405668                _fwalk_reent
 .text.__locale_mb_cur_max
                0x004056bc       0x1c c:/program files (x86)/atmel/studio/7.0/toolchain/arm/arm-gnu-toolchain/bin/../lib/gcc/arm-none-eabi/6.3.1/../../../../arm-none-eabi/lib/thumb/v7e-m\libc.a(lib_a-locale.o)
                0x004056bc                __locale_mb_cur_max
 .text.__retarget_lock_init_recursive
                0x004056d8        0x4 c:/program files (x86)/atmel/studio/7.0/toolchain/arm/arm-gnu-toolchain/bin/../lib/gcc/arm-none-eabi/6.3.1/../../../../arm-none-eabi/lib/thumb/v7e-m\libc.a(lib_a-lock.o)
                0x004056d8                __retarget_lock_init_recursive
 .text.__retarget_lock_close_recursive
                0x004056dc        0x4 c:/program files (x86)/atmel/studio/7.0/toolchain/arm/arm-gnu-toolchain/bin/../lib/gcc/arm-none-eabi/6.3.1/../../../../arm-none-eabi/lib/thumb/v7e-m\libc.a(lib_a-lock.o)
                0x004056dc                __retarget_lock_close_recursive
 .text.__retarget_lock_acquire_recursive
                0x004056e0        0x4 c:/program files (x86)/atmel/studio/7.0/toolchain/arm/arm-gnu-toolchain/bin/../lib/gcc/arm-none-eabi/6.3.1/../../../../arm-none-eabi/lib/thumb/v7e-m\libc.a(lib_a-lock.o)
                0x004056e0                __retarget_lock_acquire_recursive
 .text.__retarget_lock_release_recursive
                0x004056e4        0x4 c:/program files (x86)/atmel/studio/7.0/toolchain/arm/arm-gnu-toolchain/bin/../lib/gcc/arm-none-eabi/6.3.1/../../../../arm-none-eabi/lib/thumb/v7e-m\libc.a(lib_a-lock.o)
                0x004056e4                __retarget_lock_release_recursive
 .text.__swhatbuf_r
                0x004056e8       0x5c c:/program files (x86)/atmel/studio/7.0/toolchain/arm/arm-gnu-toolchain/bin/../lib/gcc/arm-none-eabi/6.3.1/../../../../arm-none-eabi/lib/thumb/v7e-m\libc.a(lib_a-makebuf.o)
                0x004056e8                __swhatbuf_r
 .text.__smakebuf_r
                0x00405744       0x94 c:/program files (x86)/atmel/studio/7.0/toolchain/arm/arm-gnu-toolchain/bin/../lib/gcc/arm-none-eabi/6.3.1/../../../../arm-none-eabi/lib/thumb/v7e-m\libc.a(lib_a-makebuf.o)
                0x00405744                __smakebuf_r
 .text.malloc   0x004057d8       0x10 c:/program files (x86)/atmel/studio/7.0/toolchain/arm/arm-gnu-toolchain/bin/../lib/gcc/arm-none-eabi/6.3.1/../../../../arm-none-eabi/lib/thumb/v7e-m\libc.a(lib_a-malloc.o)
                0x004057d8                malloc
 .text._malloc_r
                0x004057e8      0x560 c:/program files (x86)/atmel/studio/7.0/toolchain/arm/arm-gnu-toolchain/bin/../lib/gcc/arm-none-eabi/6.3.1/../../../../arm-none-eabi/lib/thumb/v7e-m\libc.a(lib_a-mallocr.o)
                0x004057e8                _malloc_r
 .text.__ascii_mbtowc
                0x00405d48       0x2c c:/program files (x86)/atmel/studio/7.0/toolchain/arm/arm-gnu-toolchain/bin/../lib/gcc/arm-none-eabi/6.3.1/../../../../arm-none-eabi/lib/thumb/v7e-m\libc.a(lib_a-mbtowc_r.o)
                0x00405d48                __ascii_mbtowc
 *fill*         0x00405d74        0xc 
 .text          0x00405d80       0xa0 c:/program files (x86)/atmel/studio/7.0/toolchain/arm/arm-gnu-toolchain/bin/../lib/gcc/arm-none-eabi/6.3.1/../../../../arm-none-eabi/lib/thumb/v7e-m\libc.a(lib_a-memchr.o)
                0x00405d80                memchr
 .text.memmove  0x00405e20       0xc8 c:/program files (x86)/atmel/studio/7.0/toolchain/arm/arm-gnu-toolchain/bin/../lib/gcc/arm-none-eabi/6.3.1/../../../../arm-none-eabi/lib/thumb/v7e-m\libc.a(lib_a-memmove.o)
                0x00405e20                memmove
 .text.__malloc_lock
                0x00405ee8        0xc c:/program files (x86)/atmel/studio/7.0/toolchain/arm/arm-gnu-toolchain/bin/../lib/gcc/arm-none-eabi/6.3.1/../../../../arm-none-eabi/lib/thumb/v7e-m\libc.a(lib_a-mlock.o)
                0x00405ee8                __malloc_lock
 .text.__malloc_unlock
                0x00405ef4        0xc c:/program files (x86)/atmel/studio/7.0/toolchain/arm/arm-gnu-toolchain/bin/../lib/gcc/arm-none-eabi/6.3.1/../../../../arm-none-eabi/lib/thumb/v7e-m\libc.a(lib_a-mlock.o)
                0x00405ef4                __malloc_unlock
 .text._realloc_r
                0x00405f00      0x34c c:/program files (x86)/atmel/studio/7.0/toolchain/arm/arm-gnu-toolchain/bin/../lib/gcc/arm-none-eabi/6.3.1/../../../../arm-none-eabi/lib/thumb/v7e-m\libc.a(lib_a-reallocr.o)
                0x00405f00                _realloc_r
 .text._sbrk_r  0x0040624c       0x24 c:/program files (x86)/atmel/studio/7.0/toolchain/arm/arm-gnu-toolchain/bin/../lib/gcc/arm-none-eabi/6.3.1/../../../../arm-none-eabi/lib/thumb/v7e-m\libc.a(lib_a-sbrkr.o)
                0x0040624c                _sbrk_r
 .text.__sread  0x00406270       0x24 c:/program files (x86)/atmel/studio/7.0/toolchain/arm/arm-gnu-toolchain/bin/../lib/gcc/arm-none-eabi/6.3.1/../../../../arm-none-eabi/lib/thumb/v7e-m\libc.a(lib_a-stdio.o)
                0x00406270                __sread
 .text.__swrite
                0x00406294       0x3c c:/program files (x86)/atmel/studio/7.0/toolchain/arm/arm-gnu-toolchain/bin/../lib/gcc/arm-none-eabi/6.3.1/../../../../arm-none-eabi/lib/thumb/v7e-m\libc.a(lib_a-stdio.o)
                0x00406294                __swrite
 .text.__sseek  0x004062d0       0x20 c:/program files (x86)/atmel/studio/7.0/toolchain/arm/arm-gnu-toolchain/bin/../lib/gcc/arm-none-eabi/6.3.1/../../../../arm-none-eabi/lib/thumb/v7e-m\libc.a(lib_a-stdio.o)
                0x004062d0                __sseek
 .text.__sclose
                0x004062f0        0x8 c:/program files (x86)/atmel/studio/7.0/toolchain/arm/arm-gnu-toolchain/bin/../lib/gcc/arm-none-eabi/6.3.1/../../../../arm-none-eabi/lib/thumb/v7e-m\libc.a(lib_a-stdio.o)
                0x004062f0                __sclose
 *fill*         0x004062f8        0x8 
 .text          0x00406300       0xdc c:/program files (x86)/atmel/studio/7.0/toolchain/arm/arm-gnu-toolchain/bin/../lib/gcc/arm-none-eabi/6.3.1/../../../../arm-none-eabi/lib/thumb/v7e-m\libc.a(lib_a-strlen.o)
                0x00406300                strlen
 .text.__swbuf_r
                0x004063dc       0xb0 c:/program files (x86)/atmel/studio/7.0/toolchain/arm/arm-gnu-toolchain/bin/../lib/gcc/arm-none-eabi/6.3.1/../../../../arm-none-eabi/lib/thumb/v7e-m\libc.a(lib_a-wbuf.o)
                0x004063dc                __swbuf_r
 .text._wcrtomb_r
                0x0040648c       0x54 c:/program files (x86)/atmel/studio/7.0/toolchain/arm/arm-gnu-toolchain/bin/../lib/gcc/arm-none-eabi/6.3.1/../../../../arm-none-eabi/lib/thumb/v7e-m\libc.a(lib_a-wcrtomb.o)
                0x0040648c                _wcrtomb_r
 .text.__ascii_wctomb
                0x004064e0       0x1c c:/program files (x86)/atmel/studio/7.0/toolchain/arm/arm-gnu-toolchain/bin/../lib/gcc/arm-none-eabi/6.3.1/../../../../arm-none-eabi/lib/thumb/v7e-m\libc.a(lib_a-wctomb_r.o)
                0x004064e0                __ascii_wctomb
 .text._write_r
                0x004064fc       0x2c c:/program files (x86)/atmel/studio/7.0/toolchain/arm/arm-gnu-toolchain/bin/../lib/gcc/arm-none-eabi/6.3.1/../../../../arm-none-eabi/lib/thumb/v7e-m\libc.a(lib_a-writer.o)
                0x004064fc                _write_r
 .text.__register_exitproc
                0x00406528       0xc4 c:/program files (x86)/atmel/studio/7.0/toolchain/arm/arm-gnu-toolchain/bin/../lib/gcc/arm-none-eabi/6.3.1/../../../../arm-none-eabi/lib/thumb/v7e-m\libc.a(lib_a-__atexit.o)
                0x00406528                __register_exitproc
 .text._close_r
                0x004065ec       0x24 c:/program files (x86)/atmel/studio/7.0/toolchain/arm/arm-gnu-toolchain/bin/../lib/gcc/arm-none-eabi/6.3.1/../../../../arm-none-eabi/lib/thumb/v7e-m\libc.a(lib_a-closer.o)
                0x004065ec                _close_r
 .text._fclose_r
                0x00406610       0xc4 c:/program files (x86)/atmel/studio/7.0/toolchain/arm/arm-gnu-toolchain/bin/../lib/gcc/arm-none-eabi/6.3.1/../../../../arm-none-eabi/lib/thumb/v7e-m\libc.a(lib_a-fclose.o)
                0x00406610                _fclose_r
 .text._fstat_r
                0x004066d4       0x28 c:/program files (x86)/atmel/studio/7.0/toolchain/arm/arm-gnu-toolchain/bin/../lib/gcc/arm-none-eabi/6.3.1/../../../../arm-none-eabi/lib/thumb/v7e-m\libc.a(lib_a-fstatr.o)
                0x004066d4                _fstat_r
 .text._isatty_r
                0x004066fc       0x24 c:/program files (x86)/atmel/studio/7.0/toolchain/arm/arm-gnu-toolchain/bin/../lib/gcc/arm-none-eabi/6.3.1/../../../../arm-none-eabi/lib/thumb/v7e-m\libc.a(lib_a-isattyr.o)
                0x004066fc                _isatty_r
 .text._lseek_r
                0x00406720       0x2c c:/program files (x86)/atmel/studio/7.0/toolchain/arm/arm-gnu-toolchain/bin/../lib/gcc/arm-none-eabi/6.3.1/../../../../arm-none-eabi/lib/thumb/v7e-m\libc.a(lib_a-lseekr.o)
                0x00406720                _lseek_r
 .text._read_r  0x0040674c       0x2c c:/program files (x86)/atmel/studio/7.0/toolchain/arm/arm-gnu-toolchain/bin/../lib/gcc/arm-none-eabi/6.3.1/../../../../arm-none-eabi/lib/thumb/v7e-m\libc.a(lib_a-readr.o)
                0x0040674c                _read_r
 .text          0x00406778       0x30 c:/program files (x86)/atmel/studio/7.0/toolchain/arm/arm-gnu-toolchain/bin/../lib/gcc/arm-none-eabi/6.3.1/thumb/v7e-m\libgcc.a(_aeabi_uldivmod.o)
                0x00406778                __aeabi_uldivmod
 .text          0x004067a8      0x2dc c:/program files (x86)/atmel/studio/7.0/toolchain/arm/arm-gnu-toolchain/bin/../lib/gcc/arm-none-eabi/6.3.1/thumb/v7e-m\libgcc.a(_udivmoddi4.o)
                0x004067a8                __udivmoddi4
 .text          0x00406a84        0x4 c:/program files (x86)/atmel/studio/7.0/toolchain/arm/arm-gnu-toolchain/bin/../lib/gcc/arm-none-eabi/6.3.1/thumb/v7e-m\libgcc.a(_dvmd_tls.o)
                0x00406a84                __aeabi_idiv0
                0x00406a84                __aeabi_ldiv0
 *(.glue_7t)
 .glue_7t       0x00406a88        0x0 linker stubs
 *(.glue_7)
 .glue_7        0x00406a88        0x0 linker stubs
 *(.rodata .rodata* .gnu.linkonce.r.*)
 .rodata.vTaskStartScheduler.str1.1
                0x00406a88        0x5 src/ASF/thirdparty/freertos/freertos-8.0.1/Source/tasks.o
 .rodata.xTimerCreateTimerTask.str1.1
                0x00406a8d        0x8 src/ASF/thirdparty/freertos/freertos-8.0.1/Source/timers.o
 *fill*         0x00406a95        0x3 
 .rodata        0x00406a98       0x10 src/inv/inv_uart.o
 .rodata.IAM20685.str1.1
                0x00406aa8       0x19 src/inv/protocol_functions.o
                                 0x37 (size before relaxing)
 .rodata.IAM20685_McLaren_seq1.str1.1
                0x00406ac1       0x2d src/inv/protocol_functions.o
 .rodata.IAM20685_McLaren_seq2.str1.1
                0x00406aee       0x2f src/inv/protocol_functions.o
 .rodata.main.str1.1
                0x00406b1d       0x1d src/main.o
 *fill*         0x00406b3a        0x2 
 .rodata._global_impure_ptr
                0x00406b3c        0x4 c:/program files (x86)/atmel/studio/7.0/toolchain/arm/arm-gnu-toolchain/bin/../lib/gcc/arm-none-eabi/6.3.1/../../../../arm-none-eabi/lib/thumb/v7e-m\libc.a(lib_a-impure.o)
                0x00406b3c                _global_impure_ptr
 .rodata._vfiprintf_r.str1.4
                0x00406b40       0x2f c:/program files (x86)/atmel/studio/7.0/toolchain/arm/arm-gnu-toolchain/bin/../lib/gcc/arm-none-eabi/6.3.1/../../../../arm-none-eabi/lib/thumb/v7e-m\libc.a(lib_a-vfiprintf.o)
 *fill*         0x00406b6f        0x1 
 .rodata.blanks.7217
                0x00406b70       0x10 c:/program files (x86)/atmel/studio/7.0/toolchain/arm/arm-gnu-toolchain/bin/../lib/gcc/arm-none-eabi/6.3.1/../../../../arm-none-eabi/lib/thumb/v7e-m\libc.a(lib_a-vfiprintf.o)
 .rodata.zeroes.7218
                0x00406b80       0x10 c:/program files (x86)/atmel/studio/7.0/toolchain/arm/arm-gnu-toolchain/bin/../lib/gcc/arm-none-eabi/6.3.1/../../../../arm-none-eabi/lib/thumb/v7e-m\libc.a(lib_a-vfiprintf.o)
 .rodata._setlocale_r.str1.4
                0x00406b90        0xa c:/program files (x86)/atmel/studio/7.0/toolchain/arm/arm-gnu-toolchain/bin/../lib/gcc/arm-none-eabi/6.3.1/../../../../arm-none-eabi/lib/thumb/v7e-m\libc.a(lib_a-locale.o)
                                  0xd (size before relaxing)
 *fill*         0x00406b9a        0x2 
 .rodata.str1.4
                0x00406b9c        0x4 c:/program files (x86)/atmel/studio/7.0/toolchain/arm/arm-gnu-toolchain/bin/../lib/gcc/arm-none-eabi/6.3.1/../../../../arm-none-eabi/lib/thumb/v7e-m\libc.a(lib_a-locale.o)
                                  0x2 (size before relaxing)
 .rodata._ctype_
                0x00406ba0      0x101 c:/program files (x86)/atmel/studio/7.0/toolchain/arm/arm-gnu-toolchain/bin/../lib/gcc/arm-none-eabi/6.3.1/../../../../arm-none-eabi/lib/thumb/v7e-m\libc.a(lib_a-ctype_.o)
                0x00406ba0                _ctype_
 *(.ARM.extab* .gnu.linkonce.armextab.*)
                0x00406ca4                . = ALIGN (0x4)
 *fill*         0x00406ca1        0x3 
 *(.init)
 .init          0x00406ca4        0x4 c:/program files (x86)/atmel/studio/7.0/toolchain/arm/arm-gnu-toolchain/bin/../lib/gcc/arm-none-eabi/6.3.1/thumb/v7e-m/crti.o
                0x00406ca4                _init
 .init          0x00406ca8        0x8 c:/program files (x86)/atmel/studio/7.0/toolchain/arm/arm-gnu-toolchain/bin/../lib/gcc/arm-none-eabi/6.3.1/thumb/v7e-m/crtn.o
                0x00406cb0                . = ALIGN (0x4)
                0x00406cb0                __preinit_array_start = .
 *(.preinit_array)
                0x00406cb0                __preinit_array_end = .
                0x00406cb0                . = ALIGN (0x4)
                0x00406cb0                __init_array_start = .
 *(SORT(.init_array.*))
 .init_array.00000
                0x00406cb0        0x4 c:/program files (x86)/atmel/studio/7.0/toolchain/arm/arm-gnu-toolchain/bin/../lib/gcc/arm-none-eabi/6.3.1/../../../../arm-none-eabi/lib/thumb/v7e-m\libc.a(lib_a-__call_atexit.o)
 *(.init_array)
 .init_array    0x00406cb4        0x4 c:/program files (x86)/atmel/studio/7.0/toolchain/arm/arm-gnu-toolchain/bin/../lib/gcc/arm-none-eabi/6.3.1/thumb/v7e-m/crtbegin.o
                0x00406cb8                __init_array_end = .
                0x00406cb8                . = ALIGN (0x4)
 *crtbegin.o(.ctors)
 *(EXCLUDE_FILE(*crtend.o) .ctors)
 *(SORT(.ctors.*))
 *crtend.o(.ctors)
                0x00406cb8                . = ALIGN (0x4)
 *(.fini)
 .fini          0x00406cb8        0x4 c:/program files (x86)/atmel/studio/7.0/toolchain/arm/arm-gnu-toolchain/bin/../lib/gcc/arm-none-eabi/6.3.1/thumb/v7e-m/crti.o
                0x00406cb8                _fini
 .fini          0x00406cbc        0x8 c:/program files (x86)/atmel/studio/7.0/toolchain/arm/arm-gnu-toolchain/bin/../lib/gcc/arm-none-eabi/6.3.1/thumb/v7e-m/crtn.o
                0x00406cc4                . = ALIGN (0x4)
                0x00406cc4                __fini_array_start = .
 *(.fini_array)
 .fini_array    0x00406cc4        0x4 c:/program files (x86)/atmel/studio/7.0/toolchain/arm/arm-gnu-toolchain/bin/../lib/gcc/arm-none-eabi/6.3.1/thumb/v7e-m/crtbegin.o
 *(SORT(.fini_array.*))
                0x00406cc8                __fini_array_end = .
 *crtbegin.o(.dtors)
 *(EXCLUDE_FILE(*crtend.o) .dtors)
 *(SORT(.dtors.*))
 *crtend.o(.dtors)
                0x00406cc8                . = ALIGN (0x4)
                0x00406cc8                _efixed = .
                [!provide]                PROVIDE (__exidx_start, .)

.vfp11_veneer   0x00406cc8        0x0
 .vfp11_veneer  0x00406cc8        0x0 linker stubs

.v4_bx          0x00406cc8        0x0
 .v4_bx         0x00406cc8        0x0 linker stubs

.iplt           0x00406cc8        0x0
 .iplt          0x00406cc8        0x0 c:/program files (x86)/atmel/studio/7.0/toolchain/arm/arm-gnu-toolchain/bin/../lib/gcc/arm-none-eabi/6.3.1/thumb/v7e-m/crtbegin.o

.ARM.exidx      0x00406cc8        0x8
 *(.ARM.exidx* .gnu.linkonce.armexidx.*)
 .ARM.exidx     0x00406cc8        0x8 c:/program files (x86)/atmel/studio/7.0/toolchain/arm/arm-gnu-toolchain/bin/../lib/gcc/arm-none-eabi/6.3.1/thumb/v7e-m\libgcc.a(_udivmoddi4.o)
                [!provide]                PROVIDE (__exidx_end, .)

.eh_frame       0x00406cd0        0x0
 .eh_frame      0x00406cd0        0x0 c:/program files (x86)/atmel/studio/7.0/toolchain/arm/arm-gnu-toolchain/bin/../lib/gcc/arm-none-eabi/6.3.1/thumb/v7e-m/crtbegin.o

.rel.dyn        0x00406cd0        0x0
 .rel.iplt      0x00406cd0        0x0 c:/program files (x86)/atmel/studio/7.0/toolchain/arm/arm-gnu-toolchain/bin/../lib/gcc/arm-none-eabi/6.3.1/thumb/v7e-m/crtbegin.o

.jcr            0x00406cd0        0x0
 .jcr           0x00406cd0        0x0 c:/program files (x86)/atmel/studio/7.0/toolchain/arm/arm-gnu-toolchain/bin/../lib/gcc/arm-none-eabi/6.3.1/thumb/v7e-m/crtbegin.o

.igot.plt       0x00406cd0        0x0
 .igot.plt      0x00406cd0        0x0 c:/program files (x86)/atmel/studio/7.0/toolchain/arm/arm-gnu-toolchain/bin/../lib/gcc/arm-none-eabi/6.3.1/thumb/v7e-m/crtbegin.o
                0x00406cd0                . = ALIGN (0x4)
                0x00406cd0                _etext = .

.relocate       0x20000000      0xa48 load address 0x00406cd0
                0x20000000                . = ALIGN (0x4)
                0x20000000                _srelocate = .
 *(.ramfunc .ramfunc.*)
 .ramfunc       0x20000000        0xa src/ASF/common/services/delay/sam/cycle_counter.o
                0x20000000                portable_delay_cycles
 *fill*         0x2000000a        0x2 
 .ramfunc       0x2000000c       0x78 src/ASF/sam/drivers/efc/efc.o
                0x2000000c                efc_perform_read_sequence
                0x20000068                efc_write_fmr
                0x2000006c                efc_perform_fcr
 *(.data .data.*)
 .data.uxCriticalNesting
                0x20000084        0x4 src/ASF/thirdparty/freertos/freertos-8.0.1/Source/portable/GCC/ARM_CM4F/port.o
 .data.xFreeBytesRemaining
                0x20000088        0x4 src/ASF/thirdparty/freertos/freertos-8.0.1/Source/portable/MemMang/heap_2.o
 .data.xNextTaskUnblockTime
                0x2000008c        0x4 src/ASF/thirdparty/freertos/freertos-8.0.1/Source/tasks.o
 .data.g_interrupt_enabled
                0x20000090        0x1 src/ASF/common/utils/interrupt/interrupt_sam_nvic.o
                0x20000090                g_interrupt_enabled
 *fill*         0x20000091        0x3 
 .data.SystemCoreClock
                0x20000094        0x4 src/ASF/sam/utils/cmsis/samg/samg55/source/templates/system_samg55.o
                0x20000094                SystemCoreClock
 .data._impure_ptr
                0x20000098        0x4 c:/program files (x86)/atmel/studio/7.0/toolchain/arm/arm-gnu-toolchain/bin/../lib/gcc/arm-none-eabi/6.3.1/../../../../arm-none-eabi/lib/thumb/v7e-m\libc.a(lib_a-impure.o)
                0x20000098                _impure_ptr
 *fill*         0x2000009c        0x4 
 .data.impure_data
                0x200000a0      0x428 c:/program files (x86)/atmel/studio/7.0/toolchain/arm/arm-gnu-toolchain/bin/../lib/gcc/arm-none-eabi/6.3.1/../../../../arm-none-eabi/lib/thumb/v7e-m\libc.a(lib_a-impure.o)
 .data.__atexit_recursive_mutex
                0x200004c8        0x4 c:/program files (x86)/atmel/studio/7.0/toolchain/arm/arm-gnu-toolchain/bin/../lib/gcc/arm-none-eabi/6.3.1/../../../../arm-none-eabi/lib/thumb/v7e-m\libc.a(lib_a-__call_atexit.o)
                0x200004c8                __atexit_recursive_mutex
 .data.__global_locale
                0x200004cc      0x16c c:/program files (x86)/atmel/studio/7.0/toolchain/arm/arm-gnu-toolchain/bin/../lib/gcc/arm-none-eabi/6.3.1/../../../../arm-none-eabi/lib/thumb/v7e-m\libc.a(lib_a-locale.o)
                0x200004cc                __global_locale
 .data.__malloc_av_
                0x20000638      0x408 c:/program files (x86)/atmel/studio/7.0/toolchain/arm/arm-gnu-toolchain/bin/../lib/gcc/arm-none-eabi/6.3.1/../../../../arm-none-eabi/lib/thumb/v7e-m\libc.a(lib_a-mallocr.o)
                0x20000638                __malloc_av_
 .data.__malloc_sbrk_base
                0x20000a40        0x4 c:/program files (x86)/atmel/studio/7.0/toolchain/arm/arm-gnu-toolchain/bin/../lib/gcc/arm-none-eabi/6.3.1/../../../../arm-none-eabi/lib/thumb/v7e-m\libc.a(lib_a-mallocr.o)
                0x20000a40                __malloc_sbrk_base
 .data.__malloc_trim_threshold
                0x20000a44        0x4 c:/program files (x86)/atmel/studio/7.0/toolchain/arm/arm-gnu-toolchain/bin/../lib/gcc/arm-none-eabi/6.3.1/../../../../arm-none-eabi/lib/thumb/v7e-m\libc.a(lib_a-mallocr.o)
                0x20000a44                __malloc_trim_threshold
                0x20000a48                . = ALIGN (0x4)
                0x20000a48                _erelocate = .

.bss            0x20000a48    0x1ae78 load address 0x00407718
                0x20000a48                . = ALIGN (0x4)
                0x20000a48                _sbss = .
                0x20000a48                _szero = .
 *(.bss .bss.*)
 .bss           0x20000a48       0x1c c:/program files (x86)/atmel/studio/7.0/toolchain/arm/arm-gnu-toolchain/bin/../lib/gcc/arm-none-eabi/6.3.1/thumb/v7e-m/crtbegin.o
 .bss.gs_interrupt_sources
                0x20000a64       0x70 src/ASF/sam/drivers/pio/pio_handler.o
 .bss.gs_ul_nb_sources
                0x20000ad4        0x4 src/ASF/sam/drivers/pio/pio_handler.o
 .bss.reg_value.8851
                0x20000ad8        0x4 src/ASF/sam/drivers/spi/spi.o
 .bss.ul_reg_val.8614
                0x20000adc        0x4 src/ASF/sam/drivers/usart/usart.o
 .bss.ucMaxSysCallPriority
                0x20000ae0        0x1 src/ASF/thirdparty/freertos/freertos-8.0.1/Source/portable/GCC/ARM_CM4F/port.o
 *fill*         0x20000ae1        0x3 
 .bss.ulMaxPRIGROUPValue
                0x20000ae4        0x4 src/ASF/thirdparty/freertos/freertos-8.0.1/Source/portable/GCC/ARM_CM4F/port.o
 .bss.ucHeap    0x20000ae8    0x12c00 src/ASF/thirdparty/freertos/freertos-8.0.1/Source/portable/MemMang/heap_2.o
 .bss.xEnd      0x200136e8        0x8 src/ASF/thirdparty/freertos/freertos-8.0.1/Source/portable/MemMang/heap_2.o
 .bss.xHeapHasBeenInitialised.6128
                0x200136f0        0x4 src/ASF/thirdparty/freertos/freertos-8.0.1/Source/portable/MemMang/heap_2.o
 .bss.xStart    0x200136f4        0x8 src/ASF/thirdparty/freertos/freertos-8.0.1/Source/portable/MemMang/heap_2.o
 .bss.pxCurrentTCB
                0x200136fc        0x4 src/ASF/thirdparty/freertos/freertos-8.0.1/Source/tasks.o
                0x200136fc                pxCurrentTCB
 .bss.pxDelayedTaskList
                0x20013700        0x4 src/ASF/thirdparty/freertos/freertos-8.0.1/Source/tasks.o
 .bss.pxOverflowDelayedTaskList
                0x20013704        0x4 src/ASF/thirdparty/freertos/freertos-8.0.1/Source/tasks.o
 .bss.pxReadyTasksLists
                0x20013708       0x64 src/ASF/thirdparty/freertos/freertos-8.0.1/Source/tasks.o
 .bss.uxCurrentNumberOfTasks
                0x2001376c        0x4 src/ASF/thirdparty/freertos/freertos-8.0.1/Source/tasks.o
 .bss.uxPendedTicks
                0x20013770        0x4 src/ASF/thirdparty/freertos/freertos-8.0.1/Source/tasks.o
 .bss.uxSchedulerSuspended
                0x20013774        0x4 src/ASF/thirdparty/freertos/freertos-8.0.1/Source/tasks.o
 .bss.uxTaskNumber
                0x20013778        0x4 src/ASF/thirdparty/freertos/freertos-8.0.1/Source/tasks.o
 .bss.uxTasksDeleted
                0x2001377c        0x4 src/ASF/thirdparty/freertos/freertos-8.0.1/Source/tasks.o
 .bss.uxTopReadyPriority
                0x20013780        0x4 src/ASF/thirdparty/freertos/freertos-8.0.1/Source/tasks.o
 .bss.xDelayedTaskList1
                0x20013784       0x14 src/ASF/thirdparty/freertos/freertos-8.0.1/Source/tasks.o
 .bss.xDelayedTaskList2
                0x20013798       0x14 src/ASF/thirdparty/freertos/freertos-8.0.1/Source/tasks.o
 .bss.xNumOfOverflows
                0x200137ac        0x4 src/ASF/thirdparty/freertos/freertos-8.0.1/Source/tasks.o
 .bss.xPendingReadyList
                0x200137b0       0x14 src/ASF/thirdparty/freertos/freertos-8.0.1/Source/tasks.o
 .bss.xSchedulerRunning
                0x200137c4        0x4 src/ASF/thirdparty/freertos/freertos-8.0.1/Source/tasks.o
 .bss.xSuspendedTaskList
                0x200137c8       0x14 src/ASF/thirdparty/freertos/freertos-8.0.1/Source/tasks.o
 .bss.xTasksWaitingTermination
                0x200137dc       0x14 src/ASF/thirdparty/freertos/freertos-8.0.1/Source/tasks.o
 .bss.xTickCount
                0x200137f0        0x4 src/ASF/thirdparty/freertos/freertos-8.0.1/Source/tasks.o
 .bss.xYieldPending
                0x200137f4        0x4 src/ASF/thirdparty/freertos/freertos-8.0.1/Source/tasks.o
 .bss.pxCurrentTimerList
                0x200137f8        0x4 src/ASF/thirdparty/freertos/freertos-8.0.1/Source/timers.o
 .bss.pxOverflowTimerList
                0x200137fc        0x4 src/ASF/thirdparty/freertos/freertos-8.0.1/Source/timers.o
 .bss.xActiveTimerList1
                0x20013800       0x14 src/ASF/thirdparty/freertos/freertos-8.0.1/Source/timers.o
 .bss.xActiveTimerList2
                0x20013814       0x14 src/ASF/thirdparty/freertos/freertos-8.0.1/Source/timers.o
 .bss.xLastTime.6360
                0x20013828        0x4 src/ASF/thirdparty/freertos/freertos-8.0.1/Source/timers.o
 .bss.xTimerQueue
                0x2001382c        0x4 src/ASF/thirdparty/freertos/freertos-8.0.1/Source/timers.o
 .bss.heap.6420
                0x20013830        0x4 src/ASF/sam/utils/syscalls/gcc/syscalls.o
 .bss.__malloc_current_mallinfo
                0x20013834       0x28 c:/program files (x86)/atmel/studio/7.0/toolchain/arm/arm-gnu-toolchain/bin/../lib/gcc/arm-none-eabi/6.3.1/../../../../arm-none-eabi/lib/thumb/v7e-m\libc.a(lib_a-mallocr.o)
                0x20013834                __malloc_current_mallinfo
 .bss.__malloc_max_sbrked_mem
                0x2001385c        0x4 c:/program files (x86)/atmel/studio/7.0/toolchain/arm/arm-gnu-toolchain/bin/../lib/gcc/arm-none-eabi/6.3.1/../../../../arm-none-eabi/lib/thumb/v7e-m\libc.a(lib_a-mallocr.o)
                0x2001385c                __malloc_max_sbrked_mem
 .bss.__malloc_max_total_mem
                0x20013860        0x4 c:/program files (x86)/atmel/studio/7.0/toolchain/arm/arm-gnu-toolchain/bin/../lib/gcc/arm-none-eabi/6.3.1/../../../../arm-none-eabi/lib/thumb/v7e-m\libc.a(lib_a-mallocr.o)
                0x20013860                __malloc_max_total_mem
 .bss.__malloc_top_pad
                0x20013864        0x4 c:/program files (x86)/atmel/studio/7.0/toolchain/arm/arm-gnu-toolchain/bin/../lib/gcc/arm-none-eabi/6.3.1/../../../../arm-none-eabi/lib/thumb/v7e-m\libc.a(lib_a-mallocr.o)
                0x20013864                __malloc_top_pad
 *(COMMON)
 COMMON         0x20013868        0x6 src/ASF/common/services/sleepmgr/sam/sleepmgr.o
                0x20013868                sleepmgr_locks
 *fill*         0x2001386e        0x2 
 COMMON         0x20013870        0x4 src/ASF/common/utils/stdio/read.o
                0x20013870                ptr_get
 COMMON         0x20013874        0x8 src/ASF/common/utils/stdio/write.o
                0x20013874                ptr_put
                0x20013878                stdio_base
 COMMON         0x2001387c     0x801c src/main.o
                0x2001387c                xSensorIntPB03Task
                0x20013880                p_pdc
                0x20013884                xMainTask
                0x20013888                sema_main_rx_uart
                0x2001388c                sema_main_tx_uart
                0x20013890                xDMATask
                0x20013894                main_rx_buf
                0x20017894                main_tx_buf
                0x2001b894                sema_sensor_int_pb03
 COMMON         0x2001b898       0x21 c:/program files (x86)/atmel/studio/7.0/toolchain/arm/arm-gnu-toolchain/bin/../lib/gcc/arm-none-eabi/6.3.1/../../../../arm-none-eabi/lib/thumb/v7e-m\libc.a(lib_a-lock.o)
                0x2001b898                __lock___atexit_recursive_mutex
                0x2001b89c                __lock___arc4random_mutex
                0x2001b8a0                __lock___env_recursive_mutex
                0x2001b8a4                __lock___sinit_recursive_mutex
                0x2001b8a8                __lock___malloc_recursive_mutex
                0x2001b8ac                __lock___at_quick_exit_mutex
                0x2001b8b0                __lock___dd_hash_mutex
                0x2001b8b4                __lock___tz_mutex
                0x2001b8b8                __lock___sfp_recursive_mutex
 *fill*         0x2001b8b9        0x3 
 COMMON         0x2001b8bc        0x4 c:/program files (x86)/atmel/studio/7.0/toolchain/arm/arm-gnu-toolchain/bin/../lib/gcc/arm-none-eabi/6.3.1/../../../../arm-none-eabi/lib/thumb/v7e-m\libc.a(lib_a-reent.o)
                0x2001b8bc                errno
                0x2001b8c0                . = ALIGN (0x4)
                0x2001b8c0                _ebss = .
                0x2001b8c0                _ezero = .

.stack          0x2001b8c0     0x3000 load address 0x00422590
                0x2001b8c0                . = ALIGN (0x8)
                0x2001b8c0                _sstack = .
                0x2001e8c0                . = (. + __stack_size__)
 *fill*         0x2001b8c0     0x3000 
                0x2001e8c0                . = ALIGN (0x8)
                0x2001e8c0                _estack = .
                0x2001e8c0                . = ALIGN (0x4)
                0x2001e8c0                _end = .
OUTPUT(ATSAMG_mcu_firmware.elf elf32-littlearm)

.ARM.attributes
                0x00000000       0x2e
 .ARM.attributes
                0x00000000       0x1e c:/program files (x86)/atmel/studio/7.0/toolchain/arm/arm-gnu-toolchain/bin/../lib/gcc/arm-none-eabi/6.3.1/thumb/v7e-m/crti.o
 .ARM.attributes
                0x0000001e       0x2e c:/program files (x86)/atmel/studio/7.0/toolchain/arm/arm-gnu-toolchain/bin/../lib/gcc/arm-none-eabi/6.3.1/thumb/v7e-m/crtbegin.o
 .ARM.attributes
                0x0000004c       0x37 src/ASF/common/services/sleepmgr/sam/sleepmgr.o
 .ARM.attributes
                0x00000083       0x37 src/ASF/common/utils/stdio/read.o
 .ARM.attributes
                0x000000ba       0x37 src/ASF/sam/drivers/pio/pio.o
 .ARM.attributes
                0x000000f1       0x37 src/ASF/sam/drivers/pio/pio_handler.o
 .ARM.attributes
                0x00000128       0x37 src/ASF/sam/drivers/spi/spi.o
 .ARM.attributes
                0x0000015f       0x37 src/ASF/sam/drivers/usart/usart.o
 .ARM.attributes
                0x00000196       0x37 src/ASF/thirdparty/freertos/freertos-8.0.1/Source/list.o
 .ARM.attributes
                0x000001cd       0x37 src/ASF/thirdparty/freertos/freertos-8.0.1/Source/portable/GCC/ARM_CM4F/port.o
 .ARM.attributes
                0x00000204       0x37 src/ASF/thirdparty/freertos/freertos-8.0.1/Source/portable/MemMang/heap_2.o
 .ARM.attributes
                0x0000023b       0x37 src/ASF/thirdparty/freertos/freertos-8.0.1/Source/queue.o
 .ARM.attributes
                0x00000272       0x37 src/ASF/thirdparty/freertos/freertos-8.0.1/Source/tasks.o
 .ARM.attributes
                0x000002a9       0x37 src/ASF/thirdparty/freertos/freertos-8.0.1/Source/timers.o
 .ARM.attributes
                0x000002e0       0x37 src/inv/inv_spi.o
 .ARM.attributes
                0x00000317       0x37 src/inv/inv_uart.o
 .ARM.attributes
                0x0000034e       0x37 src/ASF/common/utils/stdio/write.o
 .ARM.attributes
                0x00000385       0x37 src/ASF/common/services/delay/sam/cycle_counter.o
 .ARM.attributes
                0x000003bc       0x37 src/ASF/sam/drivers/flexcom/flexcom.o
 .ARM.attributes
                0x000003f3       0x37 src/ASF/common/services/clock/samg/sysclk.o
 .ARM.attributes
                0x0000042a       0x37 src/ASF/common/utils/interrupt/interrupt_sam_nvic.o
 .ARM.attributes
                0x00000461       0x37 src/ASF/sam/boards/samg55_xplained_pro/board_init.o
 .ARM.attributes
                0x00000498       0x37 src/ASF/sam/drivers/efc/efc.o
 .ARM.attributes
                0x000004cf       0x37 src/ASF/sam/drivers/pmc/pmc.o
 .ARM.attributes
                0x00000506       0x37 src/ASF/sam/drivers/supc/supc.o
 .ARM.attributes
                0x0000053d       0x37 src/ASF/sam/utils/cmsis/samg/samg55/source/templates/gcc/startup_samg55.o
 .ARM.attributes
                0x00000574       0x37 src/ASF/sam/utils/cmsis/samg/samg55/source/templates/system_samg55.o
 .ARM.attributes
                0x000005ab       0x37 src/ASF/sam/utils/syscalls/gcc/syscalls.o
 .ARM.attributes
                0x000005e2       0x37 src/inv/protocol_functions.o
 .ARM.attributes
                0x00000619       0x37 src/main.o
 .ARM.attributes
                0x00000650       0x2e c:/program files (x86)/atmel/studio/7.0/toolchain/arm/arm-gnu-toolchain/bin/../lib/gcc/arm-none-eabi/6.3.1/../../../../arm-none-eabi/lib/thumb/v7e-m\libc.a(lib_a-impure.o)
 .ARM.attributes
                0x0000067e       0x2e c:/program files (x86)/atmel/studio/7.0/toolchain/arm/arm-gnu-toolchain/bin/../lib/gcc/arm-none-eabi/6.3.1/../../../../arm-none-eabi/lib/thumb/v7e-m\libc.a(lib_a-init.o)
 .ARM.attributes
                0x000006ac       0x2e c:/program files (x86)/atmel/studio/7.0/toolchain/arm/arm-gnu-toolchain/bin/../lib/gcc/arm-none-eabi/6.3.1/../../../../arm-none-eabi/lib/thumb/v7e-m\libc.a(lib_a-iprintf.o)
 .ARM.attributes
                0x000006da       0x1c c:/program files (x86)/atmel/studio/7.0/toolchain/arm/arm-gnu-toolchain/bin/../lib/gcc/arm-none-eabi/6.3.1/../../../../arm-none-eabi/lib/thumb/v7e-m\libc.a(lib_a-memcpy.o)
 .ARM.attributes
                0x000006f6       0x2e c:/program files (x86)/atmel/studio/7.0/toolchain/arm/arm-gnu-toolchain/bin/../lib/gcc/arm-none-eabi/6.3.1/../../../../arm-none-eabi/lib/thumb/v7e-m\libc.a(lib_a-memset.o)
 .ARM.attributes
                0x00000724       0x2e c:/program files (x86)/atmel/studio/7.0/toolchain/arm/arm-gnu-toolchain/bin/../lib/gcc/arm-none-eabi/6.3.1/../../../../arm-none-eabi/lib/thumb/v7e-m\libc.a(lib_a-setbuf.o)
 .ARM.attributes
                0x00000752       0x2e c:/program files (x86)/atmel/studio/7.0/toolchain/arm/arm-gnu-toolchain/bin/../lib/gcc/arm-none-eabi/6.3.1/../../../../arm-none-eabi/lib/thumb/v7e-m\libc.a(lib_a-setvbuf.o)
 .ARM.attributes
                0x00000780       0x2e c:/program files (x86)/atmel/studio/7.0/toolchain/arm/arm-gnu-toolchain/bin/../lib/gcc/arm-none-eabi/6.3.1/../../../../arm-none-eabi/lib/thumb/v7e-m\libc.a(lib_a-vfiprintf.o)
 .ARM.attributes
                0x000007ae       0x2e c:/program files (x86)/atmel/studio/7.0/toolchain/arm/arm-gnu-toolchain/bin/../lib/gcc/arm-none-eabi/6.3.1/../../../../arm-none-eabi/lib/thumb/v7e-m\libc.a(lib_a-wsetup.o)
 .ARM.attributes
                0x000007dc       0x2e c:/program files (x86)/atmel/studio/7.0/toolchain/arm/arm-gnu-toolchain/bin/../lib/gcc/arm-none-eabi/6.3.1/../../../../arm-none-eabi/lib/thumb/v7e-m\libc.a(lib_a-__call_atexit.o)
 .ARM.attributes
                0x0000080a       0x2e c:/program files (x86)/atmel/studio/7.0/toolchain/arm/arm-gnu-toolchain/bin/../lib/gcc/arm-none-eabi/6.3.1/../../../../arm-none-eabi/lib/thumb/v7e-m\libc.a(lib_a-atexit.o)
 .ARM.attributes
                0x00000838       0x2e c:/program files (x86)/atmel/studio/7.0/toolchain/arm/arm-gnu-toolchain/bin/../lib/gcc/arm-none-eabi/6.3.1/../../../../arm-none-eabi/lib/thumb/v7e-m\libc.a(lib_a-fflush.o)
 .ARM.attributes
                0x00000866       0x2e c:/program files (x86)/atmel/studio/7.0/toolchain/arm/arm-gnu-toolchain/bin/../lib/gcc/arm-none-eabi/6.3.1/../../../../arm-none-eabi/lib/thumb/v7e-m\libc.a(lib_a-findfp.o)
 .ARM.attributes
                0x00000894       0x2e c:/program files (x86)/atmel/studio/7.0/toolchain/arm/arm-gnu-toolchain/bin/../lib/gcc/arm-none-eabi/6.3.1/../../../../arm-none-eabi/lib/thumb/v7e-m\libc.a(lib_a-fini.o)
 .ARM.attributes
                0x000008c2       0x2e c:/program files (x86)/atmel/studio/7.0/toolchain/arm/arm-gnu-toolchain/bin/../lib/gcc/arm-none-eabi/6.3.1/../../../../arm-none-eabi/lib/thumb/v7e-m\libc.a(lib_a-fputwc.o)
 .ARM.attributes
                0x000008f0       0x2e c:/program files (x86)/atmel/studio/7.0/toolchain/arm/arm-gnu-toolchain/bin/../lib/gcc/arm-none-eabi/6.3.1/../../../../arm-none-eabi/lib/thumb/v7e-m\libc.a(lib_a-freer.o)
 .ARM.attributes
                0x0000091e       0x2e c:/program files (x86)/atmel/studio/7.0/toolchain/arm/arm-gnu-toolchain/bin/../lib/gcc/arm-none-eabi/6.3.1/../../../../arm-none-eabi/lib/thumb/v7e-m\libc.a(lib_a-fvwrite.o)
 .ARM.attributes
                0x0000094c       0x2e c:/program files (x86)/atmel/studio/7.0/toolchain/arm/arm-gnu-toolchain/bin/../lib/gcc/arm-none-eabi/6.3.1/../../../../arm-none-eabi/lib/thumb/v7e-m\libc.a(lib_a-fwalk.o)
 .ARM.attributes
                0x0000097a       0x2e c:/program files (x86)/atmel/studio/7.0/toolchain/arm/arm-gnu-toolchain/bin/../lib/gcc/arm-none-eabi/6.3.1/../../../../arm-none-eabi/lib/thumb/v7e-m\libc.a(lib_a-locale.o)
 .ARM.attributes
                0x000009a8       0x2e c:/program files (x86)/atmel/studio/7.0/toolchain/arm/arm-gnu-toolchain/bin/../lib/gcc/arm-none-eabi/6.3.1/../../../../arm-none-eabi/lib/thumb/v7e-m\libc.a(lib_a-lock.o)
 .ARM.attributes
                0x000009d6       0x2e c:/program files (x86)/atmel/studio/7.0/toolchain/arm/arm-gnu-toolchain/bin/../lib/gcc/arm-none-eabi/6.3.1/../../../../arm-none-eabi/lib/thumb/v7e-m\libc.a(lib_a-makebuf.o)
 .ARM.attributes
                0x00000a04       0x2e c:/program files (x86)/atmel/studio/7.0/toolchain/arm/arm-gnu-toolchain/bin/../lib/gcc/arm-none-eabi/6.3.1/../../../../arm-none-eabi/lib/thumb/v7e-m\libc.a(lib_a-malloc.o)
 .ARM.attributes
                0x00000a32       0x2e c:/program files (x86)/atmel/studio/7.0/toolchain/arm/arm-gnu-toolchain/bin/../lib/gcc/arm-none-eabi/6.3.1/../../../../arm-none-eabi/lib/thumb/v7e-m\libc.a(lib_a-mallocr.o)
 .ARM.attributes
                0x00000a60       0x2e c:/program files (x86)/atmel/studio/7.0/toolchain/arm/arm-gnu-toolchain/bin/../lib/gcc/arm-none-eabi/6.3.1/../../../../arm-none-eabi/lib/thumb/v7e-m\libc.a(lib_a-mbtowc_r.o)
 .ARM.attributes
                0x00000a8e       0x1c c:/program files (x86)/atmel/studio/7.0/toolchain/arm/arm-gnu-toolchain/bin/../lib/gcc/arm-none-eabi/6.3.1/../../../../arm-none-eabi/lib/thumb/v7e-m\libc.a(lib_a-memchr.o)
 .ARM.attributes
                0x00000aaa       0x2e c:/program files (x86)/atmel/studio/7.0/toolchain/arm/arm-gnu-toolchain/bin/../lib/gcc/arm-none-eabi/6.3.1/../../../../arm-none-eabi/lib/thumb/v7e-m\libc.a(lib_a-memmove.o)
 .ARM.attributes
                0x00000ad8       0x2e c:/program files (x86)/atmel/studio/7.0/toolchain/arm/arm-gnu-toolchain/bin/../lib/gcc/arm-none-eabi/6.3.1/../../../../arm-none-eabi/lib/thumb/v7e-m\libc.a(lib_a-mlock.o)
 .ARM.attributes
                0x00000b06       0x2e c:/program files (x86)/atmel/studio/7.0/toolchain/arm/arm-gnu-toolchain/bin/../lib/gcc/arm-none-eabi/6.3.1/../../../../arm-none-eabi/lib/thumb/v7e-m\libc.a(lib_a-reallocr.o)
 .ARM.attributes
                0x00000b34       0x2e c:/program files (x86)/atmel/studio/7.0/toolchain/arm/arm-gnu-toolchain/bin/../lib/gcc/arm-none-eabi/6.3.1/../../../../arm-none-eabi/lib/thumb/v7e-m\libc.a(lib_a-sbrkr.o)
 .ARM.attributes
                0x00000b62       0x2e c:/program files (x86)/atmel/studio/7.0/toolchain/arm/arm-gnu-toolchain/bin/../lib/gcc/arm-none-eabi/6.3.1/../../../../arm-none-eabi/lib/thumb/v7e-m\libc.a(lib_a-stdio.o)
 .ARM.attributes
                0x00000b90       0x1c c:/program files (x86)/atmel/studio/7.0/toolchain/arm/arm-gnu-toolchain/bin/../lib/gcc/arm-none-eabi/6.3.1/../../../../arm-none-eabi/lib/thumb/v7e-m\libc.a(lib_a-strlen.o)
 .ARM.attributes
                0x00000bac       0x2e c:/program files (x86)/atmel/studio/7.0/toolchain/arm/arm-gnu-toolchain/bin/../lib/gcc/arm-none-eabi/6.3.1/../../../../arm-none-eabi/lib/thumb/v7e-m\libc.a(lib_a-wbuf.o)
 .ARM.attributes
                0x00000bda       0x2e c:/program files (x86)/atmel/studio/7.0/toolchain/arm/arm-gnu-toolchain/bin/../lib/gcc/arm-none-eabi/6.3.1/../../../../arm-none-eabi/lib/thumb/v7e-m\libc.a(lib_a-wcrtomb.o)
 .ARM.attributes
                0x00000c08       0x2e c:/program files (x86)/atmel/studio/7.0/toolchain/arm/arm-gnu-toolchain/bin/../lib/gcc/arm-none-eabi/6.3.1/../../../../arm-none-eabi/lib/thumb/v7e-m\libc.a(lib_a-wctomb_r.o)
 .ARM.attributes
                0x00000c36       0x2e c:/program files (x86)/atmel/studio/7.0/toolchain/arm/arm-gnu-toolchain/bin/../lib/gcc/arm-none-eabi/6.3.1/../../../../arm-none-eabi/lib/thumb/v7e-m\libc.a(lib_a-writer.o)
 .ARM.attributes
                0x00000c64       0x2e c:/program files (x86)/atmel/studio/7.0/toolchain/arm/arm-gnu-toolchain/bin/../lib/gcc/arm-none-eabi/6.3.1/../../../../arm-none-eabi/lib/thumb/v7e-m\libc.a(lib_a-__atexit.o)
 .ARM.attributes
                0x00000c92       0x2e c:/program files (x86)/atmel/studio/7.0/toolchain/arm/arm-gnu-toolchain/bin/../lib/gcc/arm-none-eabi/6.3.1/../../../../arm-none-eabi/lib/thumb/v7e-m\libc.a(lib_a-closer.o)
 .ARM.attributes
                0x00000cc0       0x2e c:/program files (x86)/atmel/studio/7.0/toolchain/arm/arm-gnu-toolchain/bin/../lib/gcc/arm-none-eabi/6.3.1/../../../../arm-none-eabi/lib/thumb/v7e-m\libc.a(lib_a-ctype_.o)
 .ARM.attributes
                0x00000cee       0x2e c:/program files (x86)/atmel/studio/7.0/toolchain/arm/arm-gnu-toolchain/bin/../lib/gcc/arm-none-eabi/6.3.1/../../../../arm-none-eabi/lib/thumb/v7e-m\libc.a(lib_a-fclose.o)
 .ARM.attributes
                0x00000d1c       0x2e c:/program files (x86)/atmel/studio/7.0/toolchain/arm/arm-gnu-toolchain/bin/../lib/gcc/arm-none-eabi/6.3.1/../../../../arm-none-eabi/lib/thumb/v7e-m\libc.a(lib_a-fstatr.o)
 .ARM.attributes
                0x00000d4a       0x2e c:/program files (x86)/atmel/studio/7.0/toolchain/arm/arm-gnu-toolchain/bin/../lib/gcc/arm-none-eabi/6.3.1/../../../../arm-none-eabi/lib/thumb/v7e-m\libc.a(lib_a-isattyr.o)
 .ARM.attributes
                0x00000d78       0x2e c:/program files (x86)/atmel/studio/7.0/toolchain/arm/arm-gnu-toolchain/bin/../lib/gcc/arm-none-eabi/6.3.1/../../../../arm-none-eabi/lib/thumb/v7e-m\libc.a(lib_a-lseekr.o)
 .ARM.attributes
                0x00000da6       0x2e c:/program files (x86)/atmel/studio/7.0/toolchain/arm/arm-gnu-toolchain/bin/../lib/gcc/arm-none-eabi/6.3.1/../../../../arm-none-eabi/lib/thumb/v7e-m\libc.a(lib_a-readr.o)
 .ARM.attributes
                0x00000dd4       0x2e c:/program files (x86)/atmel/studio/7.0/toolchain/arm/arm-gnu-toolchain/bin/../lib/gcc/arm-none-eabi/6.3.1/../../../../arm-none-eabi/lib/thumb/v7e-m\libc.a(lib_a-reent.o)
 .ARM.attributes
                0x00000e02       0x1e c:/program files (x86)/atmel/studio/7.0/toolchain/arm/arm-gnu-toolchain/bin/../lib/gcc/arm-none-eabi/6.3.1/thumb/v7e-m\libgcc.a(_aeabi_uldivmod.o)
 .ARM.attributes
                0x00000e20       0x2e c:/program files (x86)/atmel/studio/7.0/toolchain/arm/arm-gnu-toolchain/bin/../lib/gcc/arm-none-eabi/6.3.1/thumb/v7e-m\libgcc.a(_udivmoddi4.o)
 .ARM.attributes
                0x00000e4e       0x1e c:/program files (x86)/atmel/studio/7.0/toolchain/arm/arm-gnu-toolchain/bin/../lib/gcc/arm-none-eabi/6.3.1/thumb/v7e-m\libgcc.a(_dvmd_tls.o)
 .ARM.attributes
                0x00000e6c       0x1e c:/program files (x86)/atmel/studio/7.0/toolchain/arm/arm-gnu-toolchain/bin/../lib/gcc/arm-none-eabi/6.3.1/thumb/v7e-m/crtn.o

.comment        0x00000000       0x59
 .comment       0x00000000       0x59 src/ASF/common/services/sleepmgr/sam/sleepmgr.o
                                 0x5a (size before relaxing)
 .comment       0x00000059       0x5a src/ASF/common/utils/stdio/read.o
 .comment       0x00000059       0x5a src/ASF/sam/drivers/pio/pio.o
 .comment       0x00000059       0x5a src/ASF/sam/drivers/pio/pio_handler.o
 .comment       0x00000059       0x5a src/ASF/sam/drivers/spi/spi.o
 .comment       0x00000059       0x5a src/ASF/sam/drivers/usart/usart.o
 .comment       0x00000059       0x5a src/ASF/thirdparty/freertos/freertos-8.0.1/Source/list.o
 .comment       0x00000059       0x5a src/ASF/thirdparty/freertos/freertos-8.0.1/Source/portable/GCC/ARM_CM4F/port.o
 .comment       0x00000059       0x5a src/ASF/thirdparty/freertos/freertos-8.0.1/Source/portable/MemMang/heap_2.o
 .comment       0x00000059       0x5a src/ASF/thirdparty/freertos/freertos-8.0.1/Source/queue.o
 .comment       0x00000059       0x5a src/ASF/thirdparty/freertos/freertos-8.0.1/Source/tasks.o
 .comment       0x00000059       0x5a src/ASF/thirdparty/freertos/freertos-8.0.1/Source/timers.o
 .comment       0x00000059       0x5a src/inv/inv_spi.o
 .comment       0x00000059       0x5a src/inv/inv_uart.o
 .comment       0x00000059       0x5a src/ASF/common/utils/stdio/write.o
 .comment       0x00000059       0x5a src/ASF/common/services/delay/sam/cycle_counter.o
 .comment       0x00000059       0x5a src/ASF/sam/drivers/flexcom/flexcom.o
 .comment       0x00000059       0x5a src/ASF/common/services/clock/samg/sysclk.o
 .comment       0x00000059       0x5a src/ASF/common/utils/interrupt/interrupt_sam_nvic.o
 .comment       0x00000059       0x5a src/ASF/sam/boards/samg55_xplained_pro/board_init.o
 .comment       0x00000059       0x5a src/ASF/sam/drivers/efc/efc.o
 .comment       0x00000059       0x5a src/ASF/sam/drivers/pmc/pmc.o
 .comment       0x00000059       0x5a src/ASF/sam/drivers/supc/supc.o
 .comment       0x00000059       0x5a src/ASF/sam/utils/cmsis/samg/samg55/source/templates/gcc/startup_samg55.o
 .comment       0x00000059       0x5a src/ASF/sam/utils/cmsis/samg/samg55/source/templates/system_samg55.o
 .comment       0x00000059       0x5a src/ASF/sam/utils/syscalls/gcc/syscalls.o
 .comment       0x00000059       0x5a src/inv/protocol_functions.o
 .comment       0x00000059       0x5a src/main.o

.debug_frame    0x00000000      0xd34
 .debug_frame   0x00000000       0x2c c:/program files (x86)/atmel/studio/7.0/toolchain/arm/arm-gnu-toolchain/bin/../lib/gcc/arm-none-eabi/6.3.1/../../../../arm-none-eabi/lib/thumb/v7e-m\libc.a(lib_a-init.o)
 .debug_frame   0x0000002c       0x74 c:/program files (x86)/atmel/studio/7.0/toolchain/arm/arm-gnu-toolchain/bin/../lib/gcc/arm-none-eabi/6.3.1/../../../../arm-none-eabi/lib/thumb/v7e-m\libc.a(lib_a-iprintf.o)
 .debug_frame   0x000000a0       0x34 c:/program files (x86)/atmel/studio/7.0/toolchain/arm/arm-gnu-toolchain/bin/../lib/gcc/arm-none-eabi/6.3.1/../../../../arm-none-eabi/lib/thumb/v7e-m\libc.a(lib_a-memset.o)
 .debug_frame   0x000000d4       0x20 c:/program files (x86)/atmel/studio/7.0/toolchain/arm/arm-gnu-toolchain/bin/../lib/gcc/arm-none-eabi/6.3.1/../../../../arm-none-eabi/lib/thumb/v7e-m\libc.a(lib_a-setbuf.o)
 .debug_frame   0x000000f4       0x48 c:/program files (x86)/atmel/studio/7.0/toolchain/arm/arm-gnu-toolchain/bin/../lib/gcc/arm-none-eabi/6.3.1/../../../../arm-none-eabi/lib/thumb/v7e-m\libc.a(lib_a-setvbuf.o)
 .debug_frame   0x0000013c       0xd8 c:/program files (x86)/atmel/studio/7.0/toolchain/arm/arm-gnu-toolchain/bin/../lib/gcc/arm-none-eabi/6.3.1/../../../../arm-none-eabi/lib/thumb/v7e-m\libc.a(lib_a-vfiprintf.o)
 .debug_frame   0x00000214       0x2c c:/program files (x86)/atmel/studio/7.0/toolchain/arm/arm-gnu-toolchain/bin/../lib/gcc/arm-none-eabi/6.3.1/../../../../arm-none-eabi/lib/thumb/v7e-m\libc.a(lib_a-wsetup.o)
 .debug_frame   0x00000240       0x5c c:/program files (x86)/atmel/studio/7.0/toolchain/arm/arm-gnu-toolchain/bin/../lib/gcc/arm-none-eabi/6.3.1/../../../../arm-none-eabi/lib/thumb/v7e-m\libc.a(lib_a-__call_atexit.o)
 .debug_frame   0x0000029c       0x20 c:/program files (x86)/atmel/studio/7.0/toolchain/arm/arm-gnu-toolchain/bin/../lib/gcc/arm-none-eabi/6.3.1/../../../../arm-none-eabi/lib/thumb/v7e-m\libc.a(lib_a-atexit.o)
 .debug_frame   0x000002bc       0x5c c:/program files (x86)/atmel/studio/7.0/toolchain/arm/arm-gnu-toolchain/bin/../lib/gcc/arm-none-eabi/6.3.1/../../../../arm-none-eabi/lib/thumb/v7e-m\libc.a(lib_a-fflush.o)
 .debug_frame   0x00000318      0x148 c:/program files (x86)/atmel/studio/7.0/toolchain/arm/arm-gnu-toolchain/bin/../lib/gcc/arm-none-eabi/6.3.1/../../../../arm-none-eabi/lib/thumb/v7e-m\libc.a(lib_a-findfp.o)
 .debug_frame   0x00000460       0x34 c:/program files (x86)/atmel/studio/7.0/toolchain/arm/arm-gnu-toolchain/bin/../lib/gcc/arm-none-eabi/6.3.1/../../../../arm-none-eabi/lib/thumb/v7e-m\libc.a(lib_a-fini.o)
 .debug_frame   0x00000494       0x94 c:/program files (x86)/atmel/studio/7.0/toolchain/arm/arm-gnu-toolchain/bin/../lib/gcc/arm-none-eabi/6.3.1/../../../../arm-none-eabi/lib/thumb/v7e-m\libc.a(lib_a-fputwc.o)
 .debug_frame   0x00000528       0x74 c:/program files (x86)/atmel/studio/7.0/toolchain/arm/arm-gnu-toolchain/bin/../lib/gcc/arm-none-eabi/6.3.1/../../../../arm-none-eabi/lib/thumb/v7e-m\libc.a(lib_a-freer.o)
 .debug_frame   0x0000059c       0x68 c:/program files (x86)/atmel/studio/7.0/toolchain/arm/arm-gnu-toolchain/bin/../lib/gcc/arm-none-eabi/6.3.1/../../../../arm-none-eabi/lib/thumb/v7e-m\libc.a(lib_a-fvwrite.o)
 .debug_frame   0x00000604       0x54 c:/program files (x86)/atmel/studio/7.0/toolchain/arm/arm-gnu-toolchain/bin/../lib/gcc/arm-none-eabi/6.3.1/../../../../arm-none-eabi/lib/thumb/v7e-m\libc.a(lib_a-fwalk.o)
 .debug_frame   0x00000658       0x6c c:/program files (x86)/atmel/studio/7.0/toolchain/arm/arm-gnu-toolchain/bin/../lib/gcc/arm-none-eabi/6.3.1/../../../../arm-none-eabi/lib/thumb/v7e-m\libc.a(lib_a-locale.o)
 .debug_frame   0x000006c4       0xb0 c:/program files (x86)/atmel/studio/7.0/toolchain/arm/arm-gnu-toolchain/bin/../lib/gcc/arm-none-eabi/6.3.1/../../../../arm-none-eabi/lib/thumb/v7e-m\libc.a(lib_a-lock.o)
 .debug_frame   0x00000774       0x68 c:/program files (x86)/atmel/studio/7.0/toolchain/arm/arm-gnu-toolchain/bin/../lib/gcc/arm-none-eabi/6.3.1/../../../../arm-none-eabi/lib/thumb/v7e-m\libc.a(lib_a-makebuf.o)
 .debug_frame   0x000007dc       0x30 c:/program files (x86)/atmel/studio/7.0/toolchain/arm/arm-gnu-toolchain/bin/../lib/gcc/arm-none-eabi/6.3.1/../../../../arm-none-eabi/lib/thumb/v7e-m\libc.a(lib_a-malloc.o)
 .debug_frame   0x0000080c       0x58 c:/program files (x86)/atmel/studio/7.0/toolchain/arm/arm-gnu-toolchain/bin/../lib/gcc/arm-none-eabi/6.3.1/../../../../arm-none-eabi/lib/thumb/v7e-m\libc.a(lib_a-mallocr.o)
 .debug_frame   0x00000864       0x4c c:/program files (x86)/atmel/studio/7.0/toolchain/arm/arm-gnu-toolchain/bin/../lib/gcc/arm-none-eabi/6.3.1/../../../../arm-none-eabi/lib/thumb/v7e-m\libc.a(lib_a-mbtowc_r.o)
 .debug_frame   0x000008b0       0x30 c:/program files (x86)/atmel/studio/7.0/toolchain/arm/arm-gnu-toolchain/bin/../lib/gcc/arm-none-eabi/6.3.1/../../../../arm-none-eabi/lib/thumb/v7e-m\libc.a(lib_a-memmove.o)
 .debug_frame   0x000008e0       0x30 c:/program files (x86)/atmel/studio/7.0/toolchain/arm/arm-gnu-toolchain/bin/../lib/gcc/arm-none-eabi/6.3.1/../../../../arm-none-eabi/lib/thumb/v7e-m\libc.a(lib_a-mlock.o)
 .debug_frame   0x00000910       0x68 c:/program files (x86)/atmel/studio/7.0/toolchain/arm/arm-gnu-toolchain/bin/../lib/gcc/arm-none-eabi/6.3.1/../../../../arm-none-eabi/lib/thumb/v7e-m\libc.a(lib_a-reallocr.o)
 .debug_frame   0x00000978       0x2c c:/program files (x86)/atmel/studio/7.0/toolchain/arm/arm-gnu-toolchain/bin/../lib/gcc/arm-none-eabi/6.3.1/../../../../arm-none-eabi/lib/thumb/v7e-m\libc.a(lib_a-sbrkr.o)
 .debug_frame   0x000009a4       0x88 c:/program files (x86)/atmel/studio/7.0/toolchain/arm/arm-gnu-toolchain/bin/../lib/gcc/arm-none-eabi/6.3.1/../../../../arm-none-eabi/lib/thumb/v7e-m\libc.a(lib_a-stdio.o)
 .debug_frame   0x00000a2c       0x40 c:/program files (x86)/atmel/studio/7.0/toolchain/arm/arm-gnu-toolchain/bin/../lib/gcc/arm-none-eabi/6.3.1/../../../../arm-none-eabi/lib/thumb/v7e-m\libc.a(lib_a-wbuf.o)
 .debug_frame   0x00000a6c       0x5c c:/program files (x86)/atmel/studio/7.0/toolchain/arm/arm-gnu-toolchain/bin/../lib/gcc/arm-none-eabi/6.3.1/../../../../arm-none-eabi/lib/thumb/v7e-m\libc.a(lib_a-wcrtomb.o)
 .debug_frame   0x00000ac8       0x3c c:/program files (x86)/atmel/studio/7.0/toolchain/arm/arm-gnu-toolchain/bin/../lib/gcc/arm-none-eabi/6.3.1/../../../../arm-none-eabi/lib/thumb/v7e-m\libc.a(lib_a-wctomb_r.o)
 .debug_frame   0x00000b04       0x2c c:/program files (x86)/atmel/studio/7.0/toolchain/arm/arm-gnu-toolchain/bin/../lib/gcc/arm-none-eabi/6.3.1/../../../../arm-none-eabi/lib/thumb/v7e-m\libc.a(lib_a-writer.o)
 .debug_frame   0x00000b30       0x34 c:/program files (x86)/atmel/studio/7.0/toolchain/arm/arm-gnu-toolchain/bin/../lib/gcc/arm-none-eabi/6.3.1/../../../../arm-none-eabi/lib/thumb/v7e-m\libc.a(lib_a-__atexit.o)
 .debug_frame   0x00000b64       0x2c c:/program files (x86)/atmel/studio/7.0/toolchain/arm/arm-gnu-toolchain/bin/../lib/gcc/arm-none-eabi/6.3.1/../../../../arm-none-eabi/lib/thumb/v7e-m\libc.a(lib_a-closer.o)
 .debug_frame   0x00000b90       0x3c c:/program files (x86)/atmel/studio/7.0/toolchain/arm/arm-gnu-toolchain/bin/../lib/gcc/arm-none-eabi/6.3.1/../../../../arm-none-eabi/lib/thumb/v7e-m\libc.a(lib_a-fclose.o)
 .debug_frame   0x00000bcc       0x2c c:/program files (x86)/atmel/studio/7.0/toolchain/arm/arm-gnu-toolchain/bin/../lib/gcc/arm-none-eabi/6.3.1/../../../../arm-none-eabi/lib/thumb/v7e-m\libc.a(lib_a-fstatr.o)
 .debug_frame   0x00000bf8       0x2c c:/program files (x86)/atmel/studio/7.0/toolchain/arm/arm-gnu-toolchain/bin/../lib/gcc/arm-none-eabi/6.3.1/../../../../arm-none-eabi/lib/thumb/v7e-m\libc.a(lib_a-isattyr.o)
 .debug_frame   0x00000c24       0x2c c:/program files (x86)/atmel/studio/7.0/toolchain/arm/arm-gnu-toolchain/bin/../lib/gcc/arm-none-eabi/6.3.1/../../../../arm-none-eabi/lib/thumb/v7e-m\libc.a(lib_a-lseekr.o)
 .debug_frame   0x00000c50       0x2c c:/program files (x86)/atmel/studio/7.0/toolchain/arm/arm-gnu-toolchain/bin/../lib/gcc/arm-none-eabi/6.3.1/../../../../arm-none-eabi/lib/thumb/v7e-m\libc.a(lib_a-readr.o)
 .debug_frame   0x00000c7c       0x58 c:/program files (x86)/atmel/studio/7.0/toolchain/arm/arm-gnu-toolchain/bin/../lib/gcc/arm-none-eabi/6.3.1/../../../../arm-none-eabi/lib/thumb/v7e-m\libc.a(lib_a-reent.o)
 .debug_frame   0x00000cd4       0x2c c:/program files (x86)/atmel/studio/7.0/toolchain/arm/arm-gnu-toolchain/bin/../lib/gcc/arm-none-eabi/6.3.1/thumb/v7e-m\libgcc.a(_aeabi_uldivmod.o)
 .debug_frame   0x00000d00       0x34 c:/program files (x86)/atmel/studio/7.0/toolchain/arm/arm-gnu-toolchain/bin/../lib/gcc/arm-none-eabi/6.3.1/thumb/v7e-m\libgcc.a(_udivmoddi4.o)

Cross Reference Table

Symbol                                            File
ADC_Handler                                       src/ASF/sam/utils/cmsis/samg/samg55/source/templates/gcc/startup_samg55.o
ARM_Handler                                       src/ASF/sam/utils/cmsis/samg/samg55/source/templates/gcc/startup_samg55.o
BusFault_Handler                                  src/ASF/sam/utils/cmsis/samg/samg55/source/templates/gcc/startup_samg55.o
CRCCU_Handler                                     src/ASF/sam/utils/cmsis/samg/samg55/source/templates/gcc/startup_samg55.o
DebugMon_Handler                                  src/ASF/sam/utils/cmsis/samg/samg55/source/templates/gcc/startup_samg55.o
Dummy_Handler                                     src/ASF/sam/utils/cmsis/samg/samg55/source/templates/gcc/startup_samg55.o
EFC_Handler                                       src/ASF/sam/utils/cmsis/samg/samg55/source/templates/gcc/startup_samg55.o
FLEXCOM0_Handler                                  src/inv/inv_uart.o
FLEXCOM1_Handler                                  src/ASF/sam/utils/cmsis/samg/samg55/source/templates/gcc/startup_samg55.o
FLEXCOM2_Handler                                  src/ASF/sam/utils/cmsis/samg/samg55/source/templates/gcc/startup_samg55.o
FLEXCOM3_Handler                                  src/ASF/sam/utils/cmsis/samg/samg55/source/templates/gcc/startup_samg55.o
FLEXCOM4_Handler                                  src/ASF/sam/utils/cmsis/samg/samg55/source/templates/gcc/startup_samg55.o
FLEXCOM5_Handler                                  src/ASF/sam/utils/cmsis/samg/samg55/source/templates/gcc/startup_samg55.o
FLEXCOM6_Handler                                  src/ASF/sam/utils/cmsis/samg/samg55/source/templates/gcc/startup_samg55.o
FLEXCOM7_Handler                                  src/ASF/sam/utils/cmsis/samg/samg55/source/templates/gcc/startup_samg55.o
HardFault_Handler                                 src/ASF/sam/utils/cmsis/samg/samg55/source/templates/gcc/startup_samg55.o
I2SC0_Handler                                     src/ASF/sam/utils/cmsis/samg/samg55/source/templates/gcc/startup_samg55.o
I2SC1_Handler                                     src/ASF/sam/utils/cmsis/samg/samg55/source/templates/gcc/startup_samg55.o
IAM20685                                          src/inv/protocol_functions.o
IAM20685_McLaren_seq1                             src/inv/protocol_functions.o
IAM20685_McLaren_seq2                             src/inv/protocol_functions.o
IAM20685_chipunlock                               src/inv/protocol_functions.o
IAM20685_crc_calculate                            src/inv/protocol_functions.o
IAM20685_crc_calculatefast                        src/inv/protocol_functions.o
IAM20685_writeunlock                              src/inv/protocol_functions.o
MEM2MEM_Handler                                   src/ASF/sam/utils/cmsis/samg/samg55/source/templates/gcc/startup_samg55.o
MemManage_Handler                                 src/ASF/sam/utils/cmsis/samg/samg55/source/templates/gcc/startup_samg55.o
NMI_Handler                                       src/ASF/sam/utils/cmsis/samg/samg55/source/templates/gcc/startup_samg55.o
PDMIC0_Handler                                    src/ASF/sam/utils/cmsis/samg/samg55/source/templates/gcc/startup_samg55.o
PDMIC1_Handler                                    src/ASF/sam/utils/cmsis/samg/samg55/source/templates/gcc/startup_samg55.o
PIOA_Handler                                      src/ASF/sam/drivers/pio/pio_handler.o
PIOB_Handler                                      src/ASF/sam/drivers/pio/pio_handler.o